nrf24l01.c:21:6:csn	16	static
nrf24l01.c:27:6:ce	16	static
nrf24l01.c:32:9:read_register	40	static
nrf24l01.c:44:9:write_registerMy	40	static
nrf24l01.c:56:9:write_register	40	static
nrf24l01.c:67:9:write_payload	48	static
nrf24l01.c:90:9:read_payload	40	static
nrf24l01.c:117:9:flush_rx	8	static
nrf24l01.c:122:9:flush_tx	8	static
nrf24l01.c:127:9:spiTrans	40	static
nrf24l01.c:136:9:get_status	8	static
nrf24l01.c:141:6:setChannel	16	static
nrf24l01.c:146:9:getChannel	8	static
nrf24l01.c:151:6:setPayloadSize	16	static
nrf24l01.c:156:9:getPayloadSize	8	static
nrf24l01.c:161:9:NRF_Init	24	static
nrf24l01.c:202:6:isChipConnected	24	static
nrf24l01.c:214:6:startListening	8	static
nrf24l01.c:240:6:stopListening	8	static
nrf24l01.c:255:6:powerDown	8	static
nrf24l01.c:262:6:powerUp	24	static
nrf24l01.c:275:6:write	32	static
nrf24l01.c:295:6:startFastWrite	24	static
nrf24l01.c:305:6:maskIRQ	32	static
nrf24l01.c:313:9:getDynamicPayloadSize	24	static
nrf24l01.c:332:6:availableMy	8	static
nrf24l01.c:337:6:available	32	static
nrf24l01.c:353:6:read	16	static
nrf24l01.c:360:9:whatHappened	24	static
nrf24l01.c:369:6:openWritingPipe	16	static
nrf24l01.c:382:6:openReadingPipe	32	static
nrf24l01.c:402:6:setAddressWidth	16	static
nrf24l01.c:416:6:closeReadingPipe	16	static
nrf24l01.c:421:6:toggle_features	16	static
nrf24l01.c:430:6:enableDynamicPayloads	8	static
nrf24l01.c:437:6:disableDynamicPayloads	8	static
nrf24l01.c:444:6:enableAckPayload	8	static
nrf24l01.c:451:6:enableDynamicAck	8	static
nrf24l01.c:456:6:writeAckPayload	32	static
nrf24l01.c:467:6:isAckPayloadAvailable	8	static
nrf24l01.c:472:6:isPVariant	8	static
nrf24l01.c:477:6:setAutoAck	16	static
nrf24l01.c:485:6:setAutoAckPipe	32	static
nrf24l01.c:504:6:setPALevel	24	static
nrf24l01.c:520:9:getPALevel	8	static
nrf24l01.c:525:6:setDataRate	40	static
nrf24l01.c:557:17:getDataRate	16	static
nrf24l01.c:580:6:setCRCLength	24	static
nrf24l01.c:601:18:getCRCLength	24	static
nrf24l01.c:619:6:disableCRC	16	static
nrf24l01.c:625:6:setRetries	16	static
