nrf24l01.c:21:6:csn	8	static
nrf24l01.c:27:6:ce	8	static
nrf24l01.c:32:9:read_register	40	static
nrf24l01.c:44:9:write_registerMy	48	static
nrf24l01.c:56:9:write_register	48	static
nrf24l01.c:67:9:write_payload	48	static
nrf24l01.c:90:9:read_payload	40	static
nrf24l01.c:127:9:spiTrans	40	static
nrf24l01.c:117:9:flush_rx	8	static
nrf24l01.c:122:9:flush_tx	8	static
nrf24l01.c:136:9:get_status	8	static
nrf24l01.c:141:6:setChannel	8	static
nrf24l01.c:146:9:getChannel	8	static
nrf24l01.c:151:6:setPayloadSize	0	static
nrf24l01.c:156:9:getPayloadSize	0	static
nrf24l01.c:202:6:isChipConnected	8	static
nrf24l01.c:240:6:stopListening	8	static
nrf24l01.c:257:6:powerDown	8	static
nrf24l01.c:264:6:powerUp	8	static
nrf24l01.c:297:6:startFastWrite	8	static
nrf24l01.c:277:6:write	8	static
nrf24l01.c:307:6:maskIRQ	16	static
nrf24l01.c:315:9:getDynamicPayloadSize	40	static
nrf24l01.c:339:6:available	16	static
nrf24l01.c:334:6:availableMy	8	static
nrf24l01.c:355:6:read	8	static
nrf24l01.c:362:9:whatHappened	8	static
nrf24l01.c:371:6:openWritingPipe	16	static
nrf24l01.c:384:6:openReadingPipe	16	static
nrf24l01.c:404:6:setAddressWidth	16	static
nrf24l01.c:418:6:closeReadingPipe	8	static
nrf24l01.c:214:6:startListening	8	static
nrf24l01.c:423:6:toggle_features	24	static
nrf24l01.c:432:6:enableDynamicPayloads	8	static
nrf24l01.c:439:6:disableDynamicPayloads	8	static
nrf24l01.c:446:6:enableAckPayload	8	static
nrf24l01.c:453:6:enableDynamicAck	8	static
nrf24l01.c:458:6:writeAckPayload	32	static
nrf24l01.c:469:6:isAckPayloadAvailable	8	static
nrf24l01.c:474:6:isPVariant	0	static
nrf24l01.c:479:6:setAutoAck	8	static
nrf24l01.c:487:6:setAutoAckPipe	16	static
nrf24l01.c:506:6:setPALevel	8	static
nrf24l01.c:522:9:getPALevel	8	static
nrf24l01.c:527:6:setDataRate	16	static
nrf24l01.c:161:9:NRF_Init	24	static
nrf24l01.c:559:17:getDataRate	8	static
nrf24l01.c:582:6:setCRCLength	8	static
nrf24l01.c:603:18:getCRCLength	8	static
nrf24l01.c:621:6:disableCRC	8	static
nrf24l01.c:627:6:setRetries	8	static
