Archive member included to satisfy reference by file (symbol)

/opt/st/stm32cubeide_1.5.1/plugins/com.st.stm32cube.ide.mcu.externaltools.gnu-tools-for-stm32.7-2018-q2-update.linux64_1.5.0.202011040924/tools/bin/../lib/gcc/arm-none-eabi/7.3.1/../../../../arm-none-eabi/lib/thumb/v7-m/libc_nano.a(lib_a-errno.o)
                              Core/Src/syscalls.o (__errno)
/opt/st/stm32cubeide_1.5.1/plugins/com.st.stm32cube.ide.mcu.externaltools.gnu-tools-for-stm32.7-2018-q2-update.linux64_1.5.0.202011040924/tools/bin/../lib/gcc/arm-none-eabi/7.3.1/../../../../arm-none-eabi/lib/thumb/v7-m/libc_nano.a(lib_a-exit.o)
                              /opt/st/stm32cubeide_1.5.1/plugins/com.st.stm32cube.ide.mcu.externaltools.gnu-tools-for-stm32.7-2018-q2-update.linux64_1.5.0.202011040924/tools/bin/../lib/gcc/arm-none-eabi/7.3.1/../../../../arm-none-eabi/lib/thumb/v7-m/crt0.o (exit)
/opt/st/stm32cubeide_1.5.1/plugins/com.st.stm32cube.ide.mcu.externaltools.gnu-tools-for-stm32.7-2018-q2-update.linux64_1.5.0.202011040924/tools/bin/../lib/gcc/arm-none-eabi/7.3.1/../../../../arm-none-eabi/lib/thumb/v7-m/libc_nano.a(lib_a-impure.o)
                              /opt/st/stm32cubeide_1.5.1/plugins/com.st.stm32cube.ide.mcu.externaltools.gnu-tools-for-stm32.7-2018-q2-update.linux64_1.5.0.202011040924/tools/bin/../lib/gcc/arm-none-eabi/7.3.1/../../../../arm-none-eabi/lib/thumb/v7-m/libc_nano.a(lib_a-exit.o) (_global_impure_ptr)
/opt/st/stm32cubeide_1.5.1/plugins/com.st.stm32cube.ide.mcu.externaltools.gnu-tools-for-stm32.7-2018-q2-update.linux64_1.5.0.202011040924/tools/bin/../lib/gcc/arm-none-eabi/7.3.1/../../../../arm-none-eabi/lib/thumb/v7-m/libc_nano.a(lib_a-init.o)
                              /opt/st/stm32cubeide_1.5.1/plugins/com.st.stm32cube.ide.mcu.externaltools.gnu-tools-for-stm32.7-2018-q2-update.linux64_1.5.0.202011040924/tools/bin/../lib/gcc/arm-none-eabi/7.3.1/../../../../arm-none-eabi/lib/thumb/v7-m/crt0.o (__libc_init_array)
/opt/st/stm32cubeide_1.5.1/plugins/com.st.stm32cube.ide.mcu.externaltools.gnu-tools-for-stm32.7-2018-q2-update.linux64_1.5.0.202011040924/tools/bin/../lib/gcc/arm-none-eabi/7.3.1/../../../../arm-none-eabi/lib/thumb/v7-m/libc_nano.a(lib_a-memcpy-stub.o)
                              Core/Src/nrf24l01.o (memcpy)
/opt/st/stm32cubeide_1.5.1/plugins/com.st.stm32cube.ide.mcu.externaltools.gnu-tools-for-stm32.7-2018-q2-update.linux64_1.5.0.202011040924/tools/bin/../lib/gcc/arm-none-eabi/7.3.1/../../../../arm-none-eabi/lib/thumb/v7-m/libc_nano.a(lib_a-memset.o)
                              /opt/st/stm32cubeide_1.5.1/plugins/com.st.stm32cube.ide.mcu.externaltools.gnu-tools-for-stm32.7-2018-q2-update.linux64_1.5.0.202011040924/tools/bin/../lib/gcc/arm-none-eabi/7.3.1/../../../../arm-none-eabi/lib/thumb/v7-m/crt0.o (memset)
/opt/st/stm32cubeide_1.5.1/plugins/com.st.stm32cube.ide.mcu.externaltools.gnu-tools-for-stm32.7-2018-q2-update.linux64_1.5.0.202011040924/tools/bin/../lib/gcc/arm-none-eabi/7.3.1/../../../../arm-none-eabi/lib/thumb/v7-m/libc_nano.a(lib_a-snprintf.o)
                              Core/Src/main.o (snprintf)
/opt/st/stm32cubeide_1.5.1/plugins/com.st.stm32cube.ide.mcu.externaltools.gnu-tools-for-stm32.7-2018-q2-update.linux64_1.5.0.202011040924/tools/bin/../lib/gcc/arm-none-eabi/7.3.1/../../../../arm-none-eabi/lib/thumb/v7-m/libc_nano.a(lib_a-strlen.o)
                              Core/Src/main.o (strlen)
/opt/st/stm32cubeide_1.5.1/plugins/com.st.stm32cube.ide.mcu.externaltools.gnu-tools-for-stm32.7-2018-q2-update.linux64_1.5.0.202011040924/tools/bin/../lib/gcc/arm-none-eabi/7.3.1/../../../../arm-none-eabi/lib/thumb/v7-m/libc_nano.a(lib_a-nano-svfprintf.o)
                              /opt/st/stm32cubeide_1.5.1/plugins/com.st.stm32cube.ide.mcu.externaltools.gnu-tools-for-stm32.7-2018-q2-update.linux64_1.5.0.202011040924/tools/bin/../lib/gcc/arm-none-eabi/7.3.1/../../../../arm-none-eabi/lib/thumb/v7-m/libc_nano.a(lib_a-snprintf.o) (_svfprintf_r)
/opt/st/stm32cubeide_1.5.1/plugins/com.st.stm32cube.ide.mcu.externaltools.gnu-tools-for-stm32.7-2018-q2-update.linux64_1.5.0.202011040924/tools/bin/../lib/gcc/arm-none-eabi/7.3.1/../../../../arm-none-eabi/lib/thumb/v7-m/libc_nano.a(lib_a-nano-vfprintf_i.o)
                              /opt/st/stm32cubeide_1.5.1/plugins/com.st.stm32cube.ide.mcu.externaltools.gnu-tools-for-stm32.7-2018-q2-update.linux64_1.5.0.202011040924/tools/bin/../lib/gcc/arm-none-eabi/7.3.1/../../../../arm-none-eabi/lib/thumb/v7-m/libc_nano.a(lib_a-nano-svfprintf.o) (_printf_i)
/opt/st/stm32cubeide_1.5.1/plugins/com.st.stm32cube.ide.mcu.externaltools.gnu-tools-for-stm32.7-2018-q2-update.linux64_1.5.0.202011040924/tools/bin/../lib/gcc/arm-none-eabi/7.3.1/../../../../arm-none-eabi/lib/thumb/v7-m/libc_nano.a(lib_a-memchr-stub.o)
[...]
Memory Configuration

Name             Origin             Length             Attributes
RAM              0x0000000020000000 0x000000000000c000 xrw
FLASH            0x0000000008000000 0x0000000000040000 xr
*default*        0x0000000000000000 0xffffffffffffffff

Linker script and memory map

LOAD /opt/st/stm32cubeide_1.5.1/plugins/com.st.stm32cube.ide.mcu.externaltools.gnu-tools-for-stm32.7-2018-q2-update.linux64_1.5.0.202011040924/tools/bin/../lib/gcc/arm-none-eabi/7.3.1/thumb/v7-m/crti.o
LOAD /opt/st/stm32cubeide_1.5.1/plugins/com.st.stm32cube.ide.mcu.externaltools.gnu-tools-for-stm32.7-2018-q2-update.linux64_1.5.0.202011040924/tools/bin/../lib/gcc/arm-none-eabi/7.3.1/thumb/v7-m/crtbegin.o
LOAD /opt/st/stm32cubeide_1.5.1/plugins/com.st.stm32cube.ide.mcu.externaltools.gnu-tools-for-stm32.7-2018-q2-update.linux64_1.5.0.202011040924/tools/bin/../lib/gcc/arm-none-eabi/7.3.1/../../../../arm-none-eabi/lib/thumb/v7-m/crt0.o
LOAD Core/Src/main.o
LOAD Core/Src/nrf24l01.o
LOAD Core/Src/stm32f1xx_hal_msp.o
LOAD Core/Src/stm32f1xx_it.o
LOAD Core/Src/syscalls.o
LOAD Core/Src/sysmem.o
LOAD Core/Src/system_stm32f1xx.o
LOAD Core/Startup/startup_stm32f103rctx.o
LOAD Drivers/STM32F1xx_HAL_Driver/Src/stm32f1xx_hal.o
LOAD Drivers/STM32F1xx_HAL_Driver/Src/stm32f1xx_hal_cortex.o
LOAD Drivers/STM32F1xx_HAL_Driver/Src/stm32f1xx_hal_dma.o
LOAD Drivers/STM32F1xx_HAL_Driver/Src/stm32f1xx_hal_exti.o
LOAD Drivers/STM32F1xx_HAL_Driver/Src/stm32f1xx_hal_flash.o
LOAD Drivers/STM32F1xx_HAL_Driver/Src/stm32f1xx_hal_flash_ex.o
LOAD Drivers/STM32F1xx_HAL_Driver/Src/stm32f1xx_hal_gpio.o
LOAD Drivers/STM32F1xx_HAL_Driver/Src/stm32f1xx_hal_gpio_ex.o
LOAD Drivers/STM32F1xx_HAL_Driver/Src/stm32f1xx_hal_pwr.o
LOAD Drivers/STM32F1xx_HAL_Driver/Src/stm32f1xx_hal_rcc.o
LOAD Drivers/STM32F1xx_HAL_Driver/Src/stm32f1xx_hal_rcc_ex.o
LOAD Drivers/STM32F1xx_HAL_Driver/Src/stm32f1xx_hal_spi.o
LOAD Drivers/STM32F1xx_HAL_Driver/Src/stm32f1xx_hal_tim.o
LOAD Drivers/STM32F1xx_HAL_Driver/Src/stm32f1xx_hal_tim_ex.o
LOAD Drivers/STM32F1xx_HAL_Driver/Src/stm32f1xx_hal_uart.o
START GROUP
LOAD /opt/st/stm32cubeide_1.5.1/plugins/com.st.stm32cube.ide.mcu.externaltools.gnu-tools-for-stm32.7-2018-q2-update.linux64_1.5.0.202011040924/tools/bin/../lib/gcc/arm-none-eabi/7.3.1/../../../../arm-none-eabi/lib/thumb/v7-m/libstdc++_nano.a
LOAD /opt/st/stm32cubeide_1.5.1/plugins/com.st.stm32cube.ide.mcu.externaltools.gnu-tools-for-stm32.7-2018-q2-update.linux64_1.5.0.202011040924/tools/bin/../lib/gcc/arm-none-eabi/7.3.1/../../../../arm-none-eabi/lib/thumb/v7-m/libsupc++_nano.a
END GROUP
LOAD /opt/st/stm32cubeide_1.5.1/plugins/com.st.stm32cube.ide.mcu.externaltools.gnu-tools-for-stm32.7-2018-q2-update.linux64_1.5.0.202011040924/tools/bin/../lib/gcc/arm-none-eabi/7.3.1/../../../../arm-none-eabi/lib/thumb/v7-m/libstdc++_nano.a
LOAD /opt/st/stm32cubeide_1.5.1/plugins/com.st.stm32cube.ide.mcu.externaltools.gnu-tools-for-stm32.7-2018-q2-update.linux64_1.5.0.202011040924/tools/bin/../lib/gcc/arm-none-eabi/7.3.1/../../../../arm-none-eabi/lib/thumb/v7-m/libm.a
LOAD /opt/st/stm32cubeide_1.5.1/plugins/com.st.stm32cube.ide.mcu.externaltools.gnu-tools-for-stm32.7-2018-q2-update.linux64_1.5.0.202011040924/tools/bin/../lib/gcc/arm-none-eabi/7.3.1/../../../../arm-none-eabi/lib/thumb/v7-m/libc_nano.a
START GROUP
LOAD /opt/st/stm32cubeide_1.5.1/plugins/com.st.stm32cube.ide.mcu.externaltools.gnu-tools-for-stm32.7-2018-q2-update.linux64_1.5.0.202011040924/tools/bin/../lib/gcc/arm-none-eabi/7.3.1/thumb/v7-m/libgcc.a
LOAD /opt/st/stm32cubeide_1.5.1/plugins/com.st.stm32cube.ide.mcu.externaltools.gnu-tools-for-stm32.7-2018-q2-update.linux64_1.5.0.202011040924/tools/bin/../lib/gcc/arm-none-eabi/7.3.1/../../../../arm-none-eabi/lib/thumb/v7-m/libc_nano.a
END GROUP
START GROUP
LOAD /opt/st/stm32cubeide_1.5.1/plugins/com.st.stm32cube.ide.mcu.externaltools.gnu-tools-for-stm32.7-2018-q2-update.linux64_1.5.0.202011040924/tools/bin/../lib/gcc/arm-none-eabi/7.3.1/thumb/v7-m/libgcc.a
LOAD /opt/st/stm32cubeide_1.5.1/plugins/com.st.stm32cube.ide.mcu.externaltools.gnu-tools-for-stm32.7-2018-q2-update.linux64_1.5.0.202011040924/tools/bin/../lib/gcc/arm-none-eabi/7.3.1/../../../../arm-none-eabi/lib/thumb/v7-m/libc_nano.a
LOAD /opt/st/stm32cubeide_1.5.1/plugins/com.st.stm32cube.ide.mcu.externaltools.gnu-tools-for-stm32.7-2018-q2-update.linux64_1.5.0.202011040924/tools/bin/../lib/gcc/arm-none-eabi/7.3.1/../../../../arm-none-eabi/lib/thumb/v7-m/libnosys.a
END GROUP
START GROUP
LOAD /opt/st/stm32cubeide_1.5.1/plugins/com.st.stm32cube.ide.mcu.externaltools.gnu-tools-for-stm32.7-2018-q2-update.linux64_1.5.0.202011040924/tools/bin/../lib/gcc/arm-none-eabi/7.3.1/thumb/v7-m/libgcc.a
LOAD /opt/st/stm32cubeide_1.5.1/plugins/com.st.stm32cube.ide.mcu.externaltools.gnu-tools-for-stm32.7-2018-q2-update.linux64_1.5.0.202011040924/tools/bin/../lib/gcc/arm-none-eabi/7.3.1/../../../../arm-none-eabi/lib/thumb/v7-m/libc_nano.a
LOAD /opt/st/stm32cubeide_1.5.1/plugins/com.st.stm32cube.ide.mcu.externaltools.gnu-tools-for-stm32.7-2018-q2-update.linux64_1.5.0.202011040924/tools/bin/../lib/gcc/arm-none-eabi/7.3.1/../../../../arm-none-eabi/lib/thumb/v7-m/libnosys.a
END GROUP
LOAD /opt/st/stm32cubeide_1.5.1/plugins/com.st.stm32cube.ide.mcu.externaltools.gnu-tools-for-stm32.7-2018-q2-update.linux64_1.5.0.202011040924/tools/bin/../lib/gcc/arm-none-eabi/7.3.1/thumb/v7-m/crtend.o
LOAD /opt/st/stm32cubeide_1.5.1/plugins/com.st.stm32cube.ide.mcu.externaltools.gnu-tools-for-stm32.7-2018-q2-update.linux64_1.5.0.202011040924/tools/bin/../lib/gcc/arm-none-eabi/7.3.1/thumb/v7-m/crtn.o
                0x000000002000c000                _estack = (ORIGIN (RAM) + LENGTH (RAM))
                0x0000000000000200                _Min_Heap_Size = 0x200
                0x0000000000000400                _Min_Stack_Size = 0x400

.isr_vector     0x0000000008000000      0x1e4
                0x0000000008000000                . = ALIGN (0x4)
 *(.isr_vector)
 .isr_vector    0x0000000008000000      0x1e4 Core/Startup/startup_stm32f103rctx.o
                0x0000000008000000                g_pfnVectors
                0x00000000080001e4                . = ALIGN (0x4)

.text           0x00000000080001e8     0x3870
                0x00000000080001e8                . = ALIGN (0x4)
 *(.text)
 .text          0x00000000080001e8       0x40 /opt/st/stm32cubeide_1.5.1/plugins/com.st.stm32cube.ide.mcu.externaltools.gnu-tools-for-stm32.7-2018-q2-update.linux64_1.5.0.202011040924/tools/bin/../lib/gcc/arm-none-eabi/7.3.1/thumb/v7-m/crtbegin.o
 .text          0x0000000008000228       0x10 /opt/st/stm32cubeide_1.5.1/plugins/com.st.stm32cube.ide.mcu.externaltools.gnu-tools-for-stm32.7-2018-q2-update.linux64_1.5.0.202011040924/tools/bin/../lib/gcc/arm-none-eabi/7.3.1/../../../../arm-none-eabi/lib/thumb/v7-m/libc_nano.a(lib_a-strlen.o)
                0x0000000008000228                strlen
 *(.text*)
 .text.main     0x0000000008000238      0x490 Core/Src/main.o
                0x0000000008000238                main
 .text.SystemClock_Config
                0x00000000080006c8       0x76 Core/Src/main.o
                0x00000000080006c8                SystemClock_Config
 *fill*         0x000000000800073e        0x2 
 .text.MX_SPI1_Init
                0x0000000008000740       0x6c Core/Src/main.o
 .text.MX_USART1_UART_Init
                0x00000000080007ac       0x54 Core/Src/main.o
 .text.MX_GPIO_Init
                0x0000000008000800       0xc4 Core/Src/main.o
 .text.Error_Handler
                0x00000000080008c4        0x8 Core/Src/main.o
                0x00000000080008c4                Error_Handler
 .text.DWT_Init
                0x00000000080008cc       0x2c Core/Src/nrf24l01.o
                0x00000000080008cc                DWT_Init
 .text.delay_us
                0x00000000080008f8       0x44 Core/Src/nrf24l01.o
                0x00000000080008f8                delay_us
 .text.csn      0x000000000800093c       0x28 Core/Src/nrf24l01.o
                0x000000000800093c                csn
 .text.ce       0x0000000008000964       0x24 Core/Src/nrf24l01.o
                0x0000000008000964                ce
 .text.read_register
                0x0000000008000988       0x5c Core/Src/nrf24l01.o
                0x0000000008000988                read_register
 .text.write_registerMy
                0x00000000080009e4       0x60 Core/Src/nrf24l01.o
                0x00000000080009e4                write_registerMy
 .text.write_register
                0x0000000008000a44       0x60 Core/Src/nrf24l01.o
                0x0000000008000a44                write_register
 .text.read_payload
                0x0000000008000aa4       0x9c Core/Src/nrf24l01.o
                0x0000000008000aa4                read_payload
 .text.flush_rx
                0x0000000008000b40       0x10 Core/Src/nrf24l01.o
                0x0000000008000b40                flush_rx
 .text.flush_tx
                0x0000000008000b50       0x10 Core/Src/nrf24l01.o
                0x0000000008000b50                flush_tx
 .text.spiTrans
                0x0000000008000b60       0x3c Core/Src/nrf24l01.o
                0x0000000008000b60                spiTrans
 .text.get_status
                0x0000000008000b9c       0x10 Core/Src/nrf24l01.o
                0x0000000008000b9c                get_status
 .text.setChannel
                0x0000000008000bac       0x1c Core/Src/nrf24l01.o
                0x0000000008000bac                setChannel
 .text.getChannel
                0x0000000008000bc8       0x10 Core/Src/nrf24l01.o
                0x0000000008000bc8                getChannel
 .text.getPayloadSize
                0x0000000008000bd8       0x14 Core/Src/nrf24l01.o
                0x0000000008000bd8                getPayloadSize
 .text.NRF_Init
                0x0000000008000bec       0xec Core/Src/nrf24l01.o
                0x0000000008000bec                NRF_Init
 .text.isChipConnected
                0x0000000008000cd8       0x2a Core/Src/nrf24l01.o
                0x0000000008000cd8                isChipConnected
 *fill*         0x0000000008000d02        0x2 
 .text.startListening
                0x0000000008000d04       0x6c Core/Src/nrf24l01.o
                0x0000000008000d04                startListening
 .text.powerUp  0x0000000008000d70       0x38 Core/Src/nrf24l01.o
                0x0000000008000d70                powerUp
 .text.maskIRQ  0x0000000008000da8       0x5a Core/Src/nrf24l01.o
                0x0000000008000da8                maskIRQ
 *fill*         0x0000000008000e02        0x2 
 .text.getDynamicPayloadSize
                0x0000000008000e04       0x60 Core/Src/nrf24l01.o
                0x0000000008000e04                getDynamicPayloadSize
 .text.availableMy
                0x0000000008000e64       0x10 Core/Src/nrf24l01.o
                0x0000000008000e64                availableMy
 .text.available
                0x0000000008000e74       0x44 Core/Src/nrf24l01.o
                0x0000000008000e74                available
 .text.read     0x0000000008000eb8       0x26 Core/Src/nrf24l01.o
                0x0000000008000eb8                read
 *fill*         0x0000000008000ede        0x2 
 .text.openReadingPipe
                0x0000000008000ee0       0xb0 Core/Src/nrf24l01.o
                0x0000000008000ee0                openReadingPipe
 .text.closeReadingPipe
                0x0000000008000f90       0x40 Core/Src/nrf24l01.o
                0x0000000008000f90                closeReadingPipe
 .text.toggle_features
                0x0000000008000fd0       0x40 Core/Src/nrf24l01.o
                0x0000000008000fd0                toggle_features
 .text.enableAckPayload
                0x0000000008001010       0x40 Core/Src/nrf24l01.o
                0x0000000008001010                enableAckPayload
 .text.writeAckPayload
                0x0000000008001050       0x6c Core/Src/nrf24l01.o
                0x0000000008001050                writeAckPayload
 .text.setPALevel
                0x00000000080010bc       0x48 Core/Src/nrf24l01.o
                0x00000000080010bc                setPALevel
 .text.getPALevel
                0x0000000008001104       0x1a Core/Src/nrf24l01.o
                0x0000000008001104                getPALevel
 *fill*         0x000000000800111e        0x2 
 .text.setDataRate
                0x0000000008001120       0x80 Core/Src/nrf24l01.o
                0x0000000008001120                setDataRate
 .text.getDataRate
                0x00000000080011a0       0x3a Core/Src/nrf24l01.o
                0x00000000080011a0                getDataRate
 .text.getCRCLength
                0x00000000080011da       0x50 Core/Src/nrf24l01.o
                0x00000000080011da                getCRCLength
 .text.setRetries
                0x000000000800122a       0x36 Core/Src/nrf24l01.o
                0x000000000800122a                setRetries
 .text.HAL_MspInit
                0x0000000008001260       0x64 Core/Src/stm32f1xx_hal_msp.o
                0x0000000008001260                HAL_MspInit
 .text.HAL_SPI_MspInit
                0x00000000080012c4       0x94 Core/Src/stm32f1xx_hal_msp.o
                0x00000000080012c4                HAL_SPI_MspInit
 .text.HAL_UART_MspInit
                0x0000000008001358       0x98 Core/Src/stm32f1xx_hal_msp.o
                0x0000000008001358                HAL_UART_MspInit
 .text.NMI_Handler
                0x00000000080013f0        0x6 Core/Src/stm32f1xx_it.o
                0x00000000080013f0                NMI_Handler
 .text.HardFault_Handler
                0x00000000080013f6        0x6 Core/Src/stm32f1xx_it.o
                0x00000000080013f6                HardFault_Handler
 .text.MemManage_Handler
                0x00000000080013fc        0x6 Core/Src/stm32f1xx_it.o
                0x00000000080013fc                MemManage_Handler
 .text.BusFault_Handler
                0x0000000008001402        0x6 Core/Src/stm32f1xx_it.o
                0x0000000008001402                BusFault_Handler
 .text.UsageFault_Handler
                0x0000000008001408        0x6 Core/Src/stm32f1xx_it.o
                0x0000000008001408                UsageFault_Handler
 .text.SVC_Handler
                0x000000000800140e        0xc Core/Src/stm32f1xx_it.o
                0x000000000800140e                SVC_Handler
 .text.DebugMon_Handler
                0x000000000800141a        0xc Core/Src/stm32f1xx_it.o
                0x000000000800141a                DebugMon_Handler
 .text.PendSV_Handler
                0x0000000008001426        0xc Core/Src/stm32f1xx_it.o
                0x0000000008001426                PendSV_Handler
 .text.SysTick_Handler
                0x0000000008001432        0xc Core/Src/stm32f1xx_it.o
                0x0000000008001432                SysTick_Handler
 *fill*         0x000000000800143e        0x2 
 .text._sbrk    0x0000000008001440       0x6c Core/Src/sysmem.o
                0x0000000008001440                _sbrk
 .text.SystemInit
                0x00000000080014ac        0xc Core/Src/system_stm32f1xx.o
                0x00000000080014ac                SystemInit
 .text.Reset_Handler
                0x00000000080014b8       0x48 Core/Startup/startup_stm32f103rctx.o
                0x00000000080014b8                Reset_Handler
 .text.Default_Handler
                0x0000000008001500        0x2 Core/Startup/startup_stm32f103rctx.o
                0x0000000008001500                RTC_Alarm_IRQHandler
                0x0000000008001500                EXTI2_IRQHandler
                0x0000000008001500                TIM8_TRG_COM_IRQHandler
                0x0000000008001500                TIM8_CC_IRQHandler
                0x0000000008001500                TIM1_CC_IRQHandler
                0x0000000008001500                TIM6_IRQHandler
                0x0000000008001500                PVD_IRQHandler
                0x0000000008001500                SDIO_IRQHandler
                0x0000000008001500                EXTI3_IRQHandler
                0x0000000008001500                EXTI0_IRQHandler
                0x0000000008001500                I2C2_EV_IRQHandler
                0x0000000008001500                ADC1_2_IRQHandler
                0x0000000008001500                SPI1_IRQHandler
                0x0000000008001500                TAMPER_IRQHandler
                0x0000000008001500                TIM8_UP_IRQHandler
                0x0000000008001500                DMA2_Channel2_IRQHandler
                0x0000000008001500                DMA1_Channel4_IRQHandler
                0x0000000008001500                USART3_IRQHandler
                0x0000000008001500                RTC_IRQHandler
                0x0000000008001500                DMA1_Channel7_IRQHandler
                0x0000000008001500                CAN1_RX1_IRQHandler
                0x0000000008001500                UART5_IRQHandler
                0x0000000008001500                ADC3_IRQHandler
                0x0000000008001500                TIM4_IRQHandler
                0x0000000008001500                DMA2_Channel1_IRQHandler
                0x0000000008001500                I2C1_EV_IRQHandler
                0x0000000008001500                DMA1_Channel6_IRQHandler
                0x0000000008001500                UART4_IRQHandler
                0x0000000008001500                TIM3_IRQHandler
                0x0000000008001500                RCC_IRQHandler
                0x0000000008001500                TIM1_TRG_COM_IRQHandler
                0x0000000008001500                DMA1_Channel1_IRQHandler
                0x0000000008001500                Default_Handler
                0x0000000008001500                EXTI15_10_IRQHandler
                0x0000000008001500                TIM7_IRQHandler
                0x0000000008001500                TIM5_IRQHandler
                0x0000000008001500                EXTI9_5_IRQHandler
                0x0000000008001500                SPI2_IRQHandler
                0x0000000008001500                DMA1_Channel5_IRQHandler
                0x0000000008001500                EXTI4_IRQHandler
                0x0000000008001500                USB_LP_CAN1_RX0_IRQHandler
                0x0000000008001500                USB_HP_CAN1_TX_IRQHandler
                0x0000000008001500                DMA1_Channel3_IRQHandler
                0x0000000008001500                FSMC_IRQHandler
                0x0000000008001500                TIM1_UP_IRQHandler
                0x0000000008001500                WWDG_IRQHandler
                0x0000000008001500                TIM2_IRQHandler
                0x0000000008001500                TIM1_BRK_IRQHandler
                0x0000000008001500                EXTI1_IRQHandler
                0x0000000008001500                DMA2_Channel4_5_IRQHandler
                0x0000000008001500                USART2_IRQHandler
                0x0000000008001500                I2C2_ER_IRQHandler
                0x0000000008001500                DMA1_Channel2_IRQHandler
                0x0000000008001500                TIM8_BRK_IRQHandler
                0x0000000008001500                CAN1_SCE_IRQHandler
                0x0000000008001500                FLASH_IRQHandler
                0x0000000008001500                USART1_IRQHandler
                0x0000000008001500                SPI3_IRQHandler
                0x0000000008001500                I2C1_ER_IRQHandler
                0x0000000008001500                USBWakeUp_IRQHandler
                0x0000000008001500                DMA2_Channel3_IRQHandler
 *fill*         0x0000000008001502        0x2 
 .text.HAL_Init
                0x0000000008001504       0x2c Drivers/STM32F1xx_HAL_Driver/Src/stm32f1xx_hal.o
                0x0000000008001504                HAL_Init
 .text.HAL_InitTick
                0x0000000008001530       0x60 Drivers/STM32F1xx_HAL_Driver/Src/stm32f1xx_hal.o
                0x0000000008001530                HAL_InitTick
 .text.HAL_IncTick
                0x0000000008001590       0x24 Drivers/STM32F1xx_HAL_Driver/Src/stm32f1xx_hal.o
                0x0000000008001590                HAL_IncTick
 .text.HAL_GetTick
                0x00000000080015b4       0x14 Drivers/STM32F1xx_HAL_Driver/Src/stm32f1xx_hal.o
                0x00000000080015b4                HAL_GetTick
 .text.HAL_Delay
                0x00000000080015c8       0x44 Drivers/STM32F1xx_HAL_Driver/Src/stm32f1xx_hal.o
                0x00000000080015c8                HAL_Delay
 .text.__NVIC_SetPriorityGrouping
                0x000000000800160c       0x48 Drivers/STM32F1xx_HAL_Driver/Src/stm32f1xx_hal_cortex.o
 .text.__NVIC_GetPriorityGrouping
                0x0000000008001654       0x1c Drivers/STM32F1xx_HAL_Driver/Src/stm32f1xx_hal_cortex.o
 .text.__NVIC_SetPriority
                0x0000000008001670       0x54 Drivers/STM32F1xx_HAL_Driver/Src/stm32f1xx_hal_cortex.o
 .text.NVIC_EncodePriority
                0x00000000080016c4       0x64 Drivers/STM32F1xx_HAL_Driver/Src/stm32f1xx_hal_cortex.o
 .text.SysTick_Config
                0x0000000008001728       0x44 Drivers/STM32F1xx_HAL_Driver/Src/stm32f1xx_hal_cortex.o
 .text.HAL_NVIC_SetPriorityGrouping
                0x000000000800176c       0x16 Drivers/STM32F1xx_HAL_Driver/Src/stm32f1xx_hal_cortex.o
                0x000000000800176c                HAL_NVIC_SetPriorityGrouping
 .text.HAL_NVIC_SetPriority
                0x0000000008001782       0x38 Drivers/STM32F1xx_HAL_Driver/Src/stm32f1xx_hal_cortex.o
                0x0000000008001782                HAL_NVIC_SetPriority
 .text.HAL_SYSTICK_Config
                0x00000000080017ba       0x18 Drivers/STM32F1xx_HAL_Driver/Src/stm32f1xx_hal_cortex.o
                0x00000000080017ba                HAL_SYSTICK_Config
 *fill*         0x00000000080017d2        0x2 
 .text.HAL_GPIO_Init
                0x00000000080017d4      0x2d4 Drivers/STM32F1xx_HAL_Driver/Src/stm32f1xx_hal_gpio.o
                0x00000000080017d4                HAL_GPIO_Init
 .text.HAL_GPIO_WritePin
                0x0000000008001aa8       0x30 Drivers/STM32F1xx_HAL_Driver/Src/stm32f1xx_hal_gpio.o
                0x0000000008001aa8                HAL_GPIO_WritePin
 .text.HAL_GPIO_TogglePin
                0x0000000008001ad8       0x32 Drivers/STM32F1xx_HAL_Driver/Src/stm32f1xx_hal_gpio.o
                0x0000000008001ad8                HAL_GPIO_TogglePin
 *fill*         0x0000000008001b0a        0x2 
 .text.HAL_RCC_OscConfig
                0x0000000008001b0c      0x500 Drivers/STM32F1xx_HAL_Driver/Src/stm32f1xx_hal_rcc.o
                0x0000000008001b0c                HAL_RCC_OscConfig
 .text.HAL_RCC_ClockConfig
                0x000000000800200c      0x1d4 Drivers/STM32F1xx_HAL_Driver/Src/stm32f1xx_hal_rcc.o
                0x000000000800200c                HAL_RCC_ClockConfig
 .text.HAL_RCC_GetSysClockFreq
                0x00000000080021e0       0xc4 Drivers/STM32F1xx_HAL_Driver/Src/stm32f1xx_hal_rcc.o
                0x00000000080021e0                HAL_RCC_GetSysClockFreq
 .text.HAL_RCC_GetHCLKFreq
                0x00000000080022a4       0x14 Drivers/STM32F1xx_HAL_Driver/Src/stm32f1xx_hal_rcc.o
                0x00000000080022a4                HAL_RCC_GetHCLKFreq
 .text.HAL_RCC_GetPCLK1Freq
                0x00000000080022b8       0x28 Drivers/STM32F1xx_HAL_Driver/Src/stm32f1xx_hal_rcc.o
                0x00000000080022b8                HAL_RCC_GetPCLK1Freq
 .text.HAL_RCC_GetPCLK2Freq
                0x00000000080022e0       0x28 Drivers/STM32F1xx_HAL_Driver/Src/stm32f1xx_hal_rcc.o
                0x00000000080022e0                HAL_RCC_GetPCLK2Freq
 .text.RCC_Delay
                0x0000000008002308       0x3c Drivers/STM32F1xx_HAL_Driver/Src/stm32f1xx_hal_rcc.o
 .text.HAL_SPI_Init
                0x0000000008002344      0x108 Drivers/STM32F1xx_HAL_Driver/Src/stm32f1xx_hal_spi.o
                0x0000000008002344                HAL_SPI_Init
 .text.HAL_SPI_Transmit
                0x000000000800244c      0x278 Drivers/STM32F1xx_HAL_Driver/Src/stm32f1xx_hal_spi.o
                0x000000000800244c                HAL_SPI_Transmit
 .text.HAL_SPI_Receive
                0x00000000080026c4      0x222 Drivers/STM32F1xx_HAL_Driver/Src/stm32f1xx_hal_spi.o
                0x00000000080026c4                HAL_SPI_Receive
 .text.HAL_SPI_TransmitReceive
                0x00000000080028e6      0x344 Drivers/STM32F1xx_HAL_Driver/Src/stm32f1xx_hal_spi.o
                0x00000000080028e6                HAL_SPI_TransmitReceive
 *fill*         0x0000000008002c2a        0x2 
 .text.SPI_WaitFlagStateUntilTimeout
                0x0000000008002c2c      0x110 Drivers/STM32F1xx_HAL_Driver/Src/stm32f1xx_hal_spi.o
 .text.SPI_EndRxTransaction
                0x0000000008002d3c       0xa4 Drivers/STM32F1xx_HAL_Driver/Src/stm32f1xx_hal_spi.o
 .text.SPI_EndRxTxTransaction
                0x0000000008002de0       0x3c Drivers/STM32F1xx_HAL_Driver/Src/stm32f1xx_hal_spi.o
 .text.HAL_UART_Init
                0x0000000008002e1c       0x9a Drivers/STM32F1xx_HAL_Driver/Src/stm32f1xx_hal_uart.o
                0x0000000008002e1c                HAL_UART_Init
 .text.HAL_UART_Transmit
                0x0000000008002eb6      0x124 Drivers/STM32F1xx_HAL_Driver/Src/stm32f1xx_hal_uart.o
                0x0000000008002eb6                HAL_UART_Transmit
 .text.UART_WaitOnFlagUntilTimeout
                0x0000000008002fda       0x94 Drivers/STM32F1xx_HAL_Driver/Src/stm32f1xx_hal_uart.o
 *fill*         0x000000000800306e        0x2 
 .text.UART_SetConfig
                0x0000000008003070      0x11c Drivers/STM32F1xx_HAL_Driver/Src/stm32f1xx_hal_uart.o
 .text.__errno  0x000000000800318c        0xc /opt/st/stm32cubeide_1.5.1/plugins/com.st.stm32cube.ide.mcu.externaltools.gnu-tools-for-stm32.7-2018-q2-update.linux64_1.5.0.202011040924/tools/bin/../lib/gcc/arm-none-eabi/7.3.1/../../../../arm-none-eabi/lib/thumb/v7-m/libc_nano.a(lib_a-errno.o)
                0x000000000800318c                __errno
 .text.__libc_init_array
                0x0000000008003198       0x48 /opt/st/stm32cubeide_1.5.1/plugins/com.st.stm32cube.ide.mcu.externaltools.gnu-tools-for-stm32.7-2018-q2-update.linux64_1.5.0.202011040924/tools/bin/../lib/gcc/arm-none-eabi/7.3.1/../../../../arm-none-eabi/lib/thumb/v7-m/libc_nano.a(lib_a-init.o)
                0x0000000008003198                __libc_init_array
 .text.memcpy   0x00000000080031e0       0x16 /opt/st/stm32cubeide_1.5.1/plugins/com.st.stm32cube.ide.mcu.externaltools.gnu-tools-for-stm32.7-2018-q2-update.linux64_1.5.0.202011040924/tools/bin/../lib/gcc/arm-none-eabi/7.3.1/../../../../arm-none-eabi/lib/thumb/v7-m/libc_nano.a(lib_a-memcpy-stub.o)
                0x00000000080031e0                memcpy
 .text.memset   0x00000000080031f6       0x10 /opt/st/stm32cubeide_1.5.1/plugins/com.st.stm32cube.ide.mcu.externaltools.gnu-tools-for-stm32.7-2018-q2-update.linux64_1.5.0.202011040924/tools/bin/../lib/gcc/arm-none-eabi/7.3.1/../../../../arm-none-eabi/lib/thumb/v7-m/libc_nano.a(lib_a-memset.o)
                0x00000000080031f6                memset
 *fill*         0x0000000008003206        0x2 
 .text.snprintf
                0x0000000008003208       0x68 /opt/st/stm32cubeide_1.5.1/plugins/com.st.stm32cube.ide.mcu.externaltools.gnu-tools-for-stm32.7-2018-q2-update.linux64_1.5.0.202011040924/tools/bin/../lib/gcc/arm-none-eabi/7.3.1/../../../../arm-none-eabi/lib/thumb/v7-m/libc_nano.a(lib_a-snprintf.o)
                0x0000000008003208                snprintf
                0x0000000008003208                sniprintf
 .text.__ssputs_r
                0x0000000008003270       0xb4 /opt/st/stm32cubeide_1.5.1/plugins/com.st.stm32cube.ide.mcu.externaltools.gnu-tools-for-stm32.7-2018-q2-update.linux64_1.5.0.202011040924/tools/bin/../lib/gcc/arm-none-eabi/7.3.1/../../../../arm-none-eabi/lib/thumb/v7-m/libc_nano.a(lib_a-nano-svfprintf.o)
                0x0000000008003270                __ssputs_r
 .text._svfprintf_r
                0x0000000008003324      0x1f0 /opt/st/stm32cubeide_1.5.1/plugins/com.st.stm32cube.ide.mcu.externaltools.gnu-tools-for-stm32.7-2018-q2-update.linux64_1.5.0.202011040924/tools/bin/../lib/gcc/arm-none-eabi/7.3.1/../../../../arm-none-eabi/lib/thumb/v7-m/libc_nano.a(lib_a-nano-svfprintf.o)
                0x0000000008003324                _svfprintf_r
                0x0000000008003324                _svfiprintf_r
 .text._printf_common
                0x0000000008003514       0xec /opt/st/stm32cubeide_1.5.1/plugins/com.st.stm32cube.ide.mcu.externaltools.gnu-tools-for-stm32.7-2018-q2-update.linux64_1.5.0.202011040924/tools/bin/../lib/gcc/arm-none-eabi/7.3.1/../../../../arm-none-eabi/lib/thumb/v7-m/libc_nano.a(lib_a-nano-vfprintf_i.o)
                0x0000000008003514                _printf_common
 .text._printf_i
                0x0000000008003600      0x224 /opt/st/stm32cubeide_1.5.1/plugins/com.st.stm32cube.ide.mcu.externaltools.gnu-tools-for-stm32.7-2018-q2-update.linux64_1.5.0.202011040924/tools/bin/../lib/gcc/arm-none-eabi/7.3.1/../../../../arm-none-eabi/lib/thumb/v7-m/libc_nano.a(lib_a-nano-vfprintf_i.o)
                0x0000000008003600                _printf_i
 .text.memchr   0x0000000008003824       0x1c /opt/st/stm32cubeide_1.5.1/plugins/com.st.stm32cube.ide.mcu.externaltools.gnu-tools-for-stm32.7-2018-q2-update.linux64_1.5.0.202011040924/tools/bin/../lib/gcc/arm-none-eabi/7.3.1/../../../../arm-none-eabi/lib/thumb/v7-m/libc_nano.a(lib_a-memchr-stub.o)
                0x0000000008003824                memchr
 .text.memmove  0x0000000008003840       0x32 /opt/st/stm32cubeide_1.5.1/plugins/com.st.stm32cube.ide.mcu.externaltools.gnu-tools-for-stm32.7-2018-q2-update.linux64_1.5.0.202011040924/tools/bin/../lib/gcc/arm-none-eabi/7.3.1/../../../../arm-none-eabi/lib/thumb/v7-m/libc_nano.a(lib_a-memmove.o)
                0x0000000008003840                memmove
 *fill*         0x0000000008003872        0x2 
 .text._free_r  0x0000000008003874       0x98 /opt/st/stm32cubeide_1.5.1/plugins/com.st.stm32cube.ide.mcu.externaltools.gnu-tools-for-stm32.7-2018-q2-update.linux64_1.5.0.202011040924/tools/bin/../lib/gcc/arm-none-eabi/7.3.1/../../../../arm-none-eabi/lib/thumb/v7-m/libc_nano.a(lib_a-nano-freer.o)
                0x0000000008003874                _free_r
 .text._malloc_r
                0x000000000800390c       0xb4 /opt/st/stm32cubeide_1.5.1/plugins/com.st.stm32cube.ide.mcu.externaltools.gnu-tools-for-stm32.7-2018-q2-update.linux64_1.5.0.202011040924/tools/bin/../lib/gcc/arm-none-eabi/7.3.1/../../../../arm-none-eabi/lib/thumb/v7-m/libc_nano.a(lib_a-nano-mallocr.o)
                0x000000000800390c                _malloc_r
 .text._realloc_r
                0x00000000080039c0       0x4c /opt/st/stm32cubeide_1.5.1/plugins/com.st.stm32cube.ide.mcu.externaltools.gnu-tools-for-stm32.7-2018-q2-update.linux64_1.5.0.202011040924/tools/bin/../lib/gcc/arm-none-eabi/7.3.1/../../../../arm-none-eabi/lib/thumb/v7-m/libc_nano.a(lib_a-nano-reallocr.o)
                0x00000000080039c0                _realloc_r
 .text._sbrk_r  0x0000000008003a0c       0x20 /opt/st/stm32cubeide_1.5.1/plugins/com.st.stm32cube.ide.mcu.externaltools.gnu-tools-for-stm32.7-2018-q2-update.linux64_1.5.0.202011040924/tools/bin/../lib/gcc/arm-none-eabi/7.3.1/../../../../arm-none-eabi/lib/thumb/v7-m/libc_nano.a(lib_a-sbrkr.o)
                0x0000000008003a0c                _sbrk_r
 .text.__malloc_lock
                0x0000000008003a2c        0x2 /opt/st/stm32cubeide_1.5.1/plugins/com.st.stm32cube.ide.mcu.externaltools.gnu-tools-for-stm32.7-2018-q2-update.linux64_1.5.0.202011040924/tools/bin/../lib/gcc/arm-none-eabi/7.3.1/../../../../arm-none-eabi/lib/thumb/v7-m/libc_nano.a(lib_a-mlock.o)
                0x0000000008003a2c                __malloc_lock
 .text.__malloc_unlock
                0x0000000008003a2e        0x2 /opt/st/stm32cubeide_1.5.1/plugins/com.st.stm32cube.ide.mcu.externaltools.gnu-tools-for-stm32.7-2018-q2-update.linux64_1.5.0.202011040924/tools/bin/../lib/gcc/arm-none-eabi/7.3.1/../../../../arm-none-eabi/lib/thumb/v7-m/libc_nano.a(lib_a-mlock.o)
                0x0000000008003a2e                __malloc_unlock
 .text._malloc_usable_size_r
                0x0000000008003a30       0x10 /opt/st/stm32cubeide_1.5.1/plugins/com.st.stm32cube.ide.mcu.externaltools.gnu-tools-for-stm32.7-2018-q2-update.linux64_1.5.0.202011040924/tools/bin/../lib/gcc/arm-none-eabi/7.3.1/../../../../arm-none-eabi/lib/thumb/v7-m/libc_nano.a(lib_a-nano-msizer.o)
                0x0000000008003a30                _malloc_usable_size_r
 *(.glue_7)
 .glue_7        0x0000000008003a40        0x0 linker stubs
 *(.glue_7t)
 .glue_7t       0x0000000008003a40        0x0 linker stubs
 *(.eh_frame)
 .eh_frame      0x0000000008003a40        0x0 /opt/st/stm32cubeide_1.5.1/plugins/com.st.stm32cube.ide.mcu.externaltools.gnu-tools-for-stm32.7-2018-q2-update.linux64_1.5.0.202011040924/tools/bin/../lib/gcc/arm-none-eabi/7.3.1/thumb/v7-m/crtbegin.o
 *(.init)
 .init          0x0000000008003a40        0x4 /opt/st/stm32cubeide_1.5.1/plugins/com.st.stm32cube.ide.mcu.externaltools.gnu-tools-for-stm32.7-2018-q2-update.linux64_1.5.0.202011040924/tools/bin/../lib/gcc/arm-none-eabi/7.3.1/thumb/v7-m/crti.o
                0x0000000008003a40                _init
 .init          0x0000000008003a44        0x8 /opt/st/stm32cubeide_1.5.1/plugins/com.st.stm32cube.ide.mcu.externaltools.gnu-tools-for-stm32.7-2018-q2-update.linux64_1.5.0.202011040924/tools/bin/../lib/gcc/arm-none-eabi/7.3.1/thumb/v7-m/crtn.o
 *(.fini)
 .fini          0x0000000008003a4c        0x4 /opt/st/stm32cubeide_1.5.1/plugins/com.st.stm32cube.ide.mcu.externaltools.gnu-tools-for-stm32.7-2018-q2-update.linux64_1.5.0.202011040924/tools/bin/../lib/gcc/arm-none-eabi/7.3.1/thumb/v7-m/crti.o
                0x0000000008003a4c                _fini
 .fini          0x0000000008003a50        0x8 /opt/st/stm32cubeide_1.5.1/plugins/com.st.stm32cube.ide.mcu.externaltools.gnu-tools-for-stm32.7-2018-q2-update.linux64_1.5.0.202011040924/tools/bin/../lib/gcc/arm-none-eabi/7.3.1/thumb/v7-m/crtn.o
                0x0000000008003a58                . = ALIGN (0x4)
                0x0000000008003a58                _etext = .

.vfp11_veneer   0x0000000008003a58        0x0
 .vfp11_veneer  0x0000000008003a58        0x0 linker stubs

.v4_bx          0x0000000008003a58        0x0
 .v4_bx         0x0000000008003a58        0x0 linker stubs

.iplt           0x0000000008003a58        0x0
 .iplt          0x0000000008003a58        0x0 /opt/st/stm32cubeide_1.5.1/plugins/com.st.stm32cube.ide.mcu.externaltools.gnu-tools-for-stm32.7-2018-q2-update.linux64_1.5.0.202011040924/tools/bin/../lib/gcc/arm-none-eabi/7.3.1/thumb/v7-m/crtbegin.o

.rodata         0x0000000008003a58      0x210
                0x0000000008003a58                . = ALIGN (0x4)
 *(.rodata)
 .rodata        0x0000000008003a58      0x196 Core/Src/main.o
 *fill*         0x0000000008003bee        0x2 
 .rodata        0x0000000008003bf0       0x12 Drivers/STM32F1xx_HAL_Driver/Src/stm32f1xx_hal_rcc.o
 *(.rodata*)
 *fill*         0x0000000008003c02        0x2 
 .rodata.child_pipe_enable
                0x0000000008003c04        0x6 Core/Src/nrf24l01.o
 *fill*         0x0000000008003c0a        0x2 
 .rodata.child_pipe
                0x0000000008003c0c        0x6 Core/Src/nrf24l01.o
 *fill*         0x0000000008003c12        0x2 
 .rodata.child_payload_size
                0x0000000008003c14        0x6 Core/Src/nrf24l01.o
 *fill*         0x0000000008003c1a        0x2 
 .rodata.AHBPrescTable
                0x0000000008003c1c       0x10 Core/Src/system_stm32f1xx.o
                0x0000000008003c1c                AHBPrescTable
 .rodata.APBPrescTable
                0x0000000008003c2c        0x8 Core/Src/system_stm32f1xx.o
                0x0000000008003c2c                APBPrescTable
 .rodata._svfprintf_r.str1.1
                0x0000000008003c34       0x11 /opt/st/stm32cubeide_1.5.1/plugins/com.st.stm32cube.ide.mcu.externaltools.gnu-tools-for-stm32.7-2018-q2-update.linux64_1.5.0.202011040924/tools/bin/../lib/gcc/arm-none-eabi/7.3.1/../../../../arm-none-eabi/lib/thumb/v7-m/libc_nano.a(lib_a-nano-svfprintf.o)
 .rodata._printf_i.str1.1
                0x0000000008003c45       0x22 /opt/st/stm32cubeide_1.5.1/plugins/com.st.stm32cube.ide.mcu.externaltools.gnu-tools-for-stm32.7-2018-q2-update.linux64_1.5.0.202011040924/tools/bin/../lib/gcc/arm-none-eabi/7.3.1/../../../../arm-none-eabi/lib/thumb/v7-m/libc_nano.a(lib_a-nano-vfprintf_i.o)
                0x0000000008003c68                . = ALIGN (0x4)
 *fill*         0x0000000008003c67        0x1 

.rel.dyn        0x0000000008003c68        0x0
 .rel.iplt      0x0000000008003c68        0x0 /opt/st/stm32cubeide_1.5.1/plugins/com.st.stm32cube.ide.mcu.externaltools.gnu-tools-for-stm32.7-2018-q2-update.linux64_1.5.0.202011040924/tools/bin/../lib/gcc/arm-none-eabi/7.3.1/thumb/v7-m/crtbegin.o

.ARM.extab      0x0000000008003c68        0x0
                0x0000000008003c68                . = ALIGN (0x4)
 *(.ARM.extab* .gnu.linkonce.armextab.*)
                0x0000000008003c68                . = ALIGN (0x4)

.ARM            0x0000000008003c68        0x0
                0x0000000008003c68                . = ALIGN (0x4)
                0x0000000008003c68                __exidx_start = .
 *(.ARM.exidx*)
                0x0000000008003c68                __exidx_end = .
                0x0000000008003c68                . = ALIGN (0x4)

.preinit_array  0x0000000008003c68        0x0
                0x0000000008003c68                . = ALIGN (0x4)
                0x0000000008003c68                PROVIDE (__preinit_array_start = .)
 *(.preinit_array*)
                0x0000000008003c68                PROVIDE (__preinit_array_end = .)
                0x0000000008003c68                . = ALIGN (0x4)

.init_array     0x0000000008003c68        0x4
                0x0000000008003c68                . = ALIGN (0x4)
                0x0000000008003c68                PROVIDE (__init_array_start = .)
 *(SORT_BY_NAME(.init_array.*))
 *(.init_array*)
 .init_array    0x0000000008003c68        0x4 /opt/st/stm32cubeide_1.5.1/plugins/com.st.stm32cube.ide.mcu.externaltools.gnu-tools-for-stm32.7-2018-q2-update.linux64_1.5.0.202011040924/tools/bin/../lib/gcc/arm-none-eabi/7.3.1/thumb/v7-m/crtbegin.o
                0x0000000008003c6c                PROVIDE (__init_array_end = .)
                0x0000000008003c6c                . = ALIGN (0x4)

.fini_array     0x0000000008003c6c        0x4
                0x0000000008003c6c                . = ALIGN (0x4)
                [!provide]                        PROVIDE (__fini_array_start = .)
 *(SORT_BY_NAME(.fini_array.*))
 *(.fini_array*)
 .fini_array    0x0000000008003c6c        0x4 /opt/st/stm32cubeide_1.5.1/plugins/com.st.stm32cube.ide.mcu.externaltools.gnu-tools-for-stm32.7-2018-q2-update.linux64_1.5.0.202011040924/tools/bin/../lib/gcc/arm-none-eabi/7.3.1/thumb/v7-m/crtbegin.o
                [!provide]                        PROVIDE (__fini_array_end = .)
                0x0000000008003c70                . = ALIGN (0x4)
                0x0000000008003c70                _sidata = LOADADDR (.data)

.data           0x0000000020000000       0x70 load address 0x0000000008003c70
                0x0000000020000000                . = ALIGN (0x4)
                0x0000000020000000                _sdata = .
 *(.data)
 *(.data*)
 .data.SystemCoreClock
                0x0000000020000000        0x4 Core/Src/system_stm32f1xx.o
                0x0000000020000000                SystemCoreClock
 .data.uwTickPrio
                0x0000000020000004        0x4 Drivers/STM32F1xx_HAL_Driver/Src/stm32f1xx_hal.o
                0x0000000020000004                uwTickPrio
 .data.uwTickFreq
                0x0000000020000008        0x1 Drivers/STM32F1xx_HAL_Driver/Src/stm32f1xx_hal.o
                0x0000000020000008                uwTickFreq
 *fill*         0x0000000020000009        0x3 
 .data._impure_ptr
                0x000000002000000c        0x4 /opt/st/stm32cubeide_1.5.1/plugins/com.st.stm32cube.ide.mcu.externaltools.gnu-tools-for-stm32.7-2018-q2-update.linux64_1.5.0.202011040924/tools/bin/../lib/gcc/arm-none-eabi/7.3.1/../../../../arm-none-eabi/lib/thumb/v7-m/libc_nano.a(lib_a-impure.o)
                0x000000002000000c                _impure_ptr
 .data.impure_data
                0x0000000020000010       0x60 /opt/st/stm32cubeide_1.5.1/plugins/com.st.stm32cube.ide.mcu.externaltools.gnu-tools-for-stm32.7-2018-q2-update.linux64_1.5.0.202011040924/tools/bin/../lib/gcc/arm-none-eabi/7.3.1/../../../../arm-none-eabi/lib/thumb/v7-m/libc_nano.a(lib_a-impure.o)
 *(.RamFunc)
 *(.RamFunc*)
                0x0000000020000070                . = ALIGN (0x4)
                0x0000000020000070                _edata = .

.igot.plt       0x0000000020000070        0x0 load address 0x0000000008003ce0
 .igot.plt      0x0000000020000070        0x0 /opt/st/stm32cubeide_1.5.1/plugins/com.st.stm32cube.ide.mcu.externaltools.gnu-tools-for-stm32.7-2018-q2-update.linux64_1.5.0.202011040924/tools/bin/../lib/gcc/arm-none-eabi/7.3.1/thumb/v7-m/crtbegin.o
                0x0000000020000070                . = ALIGN (0x4)

.bss            0x0000000020000070       0xd8 load address 0x0000000008003ce0
                0x0000000020000070                _sbss = .
                0x0000000020000070                __bss_start__ = _sbss
 *(.bss)
 .bss           0x0000000020000070       0x1c /opt/st/stm32cubeide_1.5.1/plugins/com.st.stm32cube.ide.mcu.externaltools.gnu-tools-for-stm32.7-2018-q2-update.linux64_1.5.0.202011040924/tools/bin/../lib/gcc/arm-none-eabi/7.3.1/thumb/v7-m/crtbegin.o
 *(.bss*)
 .bss.remsg.7126
                0x000000002000008c        0x1 Core/Src/main.o
 .bss.payload_size
                0x000000002000008d        0x1 Core/Src/nrf24l01.o
                0x000000002000008d                payload_size
 *fill*         0x000000002000008e        0x2 
 .bss.pipe0_reading_address
                0x0000000020000090        0x5 Core/Src/nrf24l01.o
                0x0000000020000090                pipe0_reading_address
 .bss.addr_width
                0x0000000020000095        0x1 Core/Src/nrf24l01.o
                0x0000000020000095                addr_width
 .bss.txDelay   0x0000000020000096        0x1 Core/Src/nrf24l01.o
                0x0000000020000096                txDelay
 *fill*         0x0000000020000097        0x1 
 .bss.__sbrk_heap_end
                0x0000000020000098        0x4 Core/Src/sysmem.o
 .bss.__malloc_free_list
                0x000000002000009c        0x4 /opt/st/stm32cubeide_1.5.1/plugins/com.st.stm32cube.ide.mcu.externaltools.gnu-tools-for-stm32.7-2018-q2-update.linux64_1.5.0.202011040924/tools/bin/../lib/gcc/arm-none-eabi/7.3.1/../../../../arm-none-eabi/lib/thumb/v7-m/libc_nano.a(lib_a-nano-mallocr.o)
                0x000000002000009c                __malloc_free_list
 .bss.__malloc_sbrk_start
                0x00000000200000a0        0x4 /opt/st/stm32cubeide_1.5.1/plugins/com.st.stm32cube.ide.mcu.externaltools.gnu-tools-for-stm32.7-2018-q2-update.linux64_1.5.0.202011040924/tools/bin/../lib/gcc/arm-none-eabi/7.3.1/../../../../arm-none-eabi/lib/thumb/v7-m/libc_nano.a(lib_a-nano-mallocr.o)
                0x00000000200000a0                __malloc_sbrk_start
 *(COMMON)
 COMMON         0x00000000200000a4       0x98 Core/Src/main.o
                0x00000000200000a4                huart1
                0x00000000200000e4                hspi1
 COMMON         0x000000002000013c        0x2 Core/Src/nrf24l01.o
                0x000000002000013c                dynamic_payloads_enabled
                0x000000002000013d                p_variant
 *fill*         0x000000002000013e        0x2 
 COMMON         0x0000000020000140        0x4 Drivers/STM32F1xx_HAL_Driver/Src/stm32f1xx_hal.o
                0x0000000020000140                uwTick
 COMMON         0x0000000020000144        0x4 /opt/st/stm32cubeide_1.5.1/plugins/com.st.stm32cube.ide.mcu.externaltools.gnu-tools-for-stm32.7-2018-q2-update.linux64_1.5.0.202011040924/tools/bin/../lib/gcc/arm-none-eabi/7.3.1/../../../../arm-none-eabi/lib/thumb/v7-m/libc_nano.a(lib_a-reent.o)
                0x0000000020000144                errno
                0x0000000020000148                . = ALIGN (0x4)
                0x0000000020000148                _ebss = .
                0x0000000020000148                __bss_end__ = _ebss

._user_heap_stack
                0x0000000020000148      0x600 load address 0x0000000008003ce0
                0x0000000020000148                . = ALIGN (0x8)
                [!provide]                        PROVIDE (end = .)
                0x0000000020000148                PROVIDE (_end = .)
                0x0000000020000348                . = (. + _Min_Heap_Size)
 *fill*         0x0000000020000148      0x200 
                0x0000000020000748                . = (. + _Min_Stack_Size)
 *fill*         0x0000000020000348      0x400 
                0x0000000020000748                . = ALIGN (0x8)

/DISCARD/
 libc.a(*)
 libm.a(*)
 libgcc.a(*)

.ARM.attributes
                0x0000000000000000       0x29
 *(.ARM.attributes)
 .ARM.attributes
                0x0000000000000000       0x1d /opt/st/stm32cubeide_1.5.1/plugins/com.st.stm32cube.ide.mcu.externaltools.gnu-tools-for-stm32.7-2018-q2-update.linux64_1.5.0.202011040924/tools/bin/../lib/gcc/arm-none-eabi/7.3.1/thumb/v7-m/crti.o
 .ARM.attributes
                0x000000000000001d       0x2d /opt/st/stm32cubeide_1.5.1/plugins/com.st.stm32cube.ide.mcu.externaltools.gnu-tools-for-stm32.7-2018-q2-update.linux64_1.5.0.202011040924/tools/bin/../lib/gcc/arm-none-eabi/7.3.1/thumb/v7-m/crtbegin.o
 .ARM.attributes
                0x000000000000004a       0x33 Core/Src/main.o
 .ARM.attributes
                0x000000000000007d       0x33 Core/Src/nrf24l01.o
 .ARM.attributes
                0x00000000000000b0       0x33 Core/Src/stm32f1xx_hal_msp.o
 .ARM.attributes
                0x00000000000000e3       0x33 Core/Src/stm32f1xx_it.o
 .ARM.attributes
                0x0000000000000116       0x33 Core/Src/sysmem.o
 .ARM.attributes
                0x0000000000000149       0x33 Core/Src/system_stm32f1xx.o
 .ARM.attributes
                0x000000000000017c       0x21 Core/Startup/startup_stm32f103rctx.o
 .ARM.attributes
                0x000000000000019d       0x33 Drivers/STM32F1xx_HAL_Driver/Src/stm32f1xx_hal.o
 .ARM.attributes
                0x00000000000001d0       0x33 Drivers/STM32F1xx_HAL_Driver/Src/stm32f1xx_hal_cortex.o
 .ARM.attributes
                0x0000000000000203       0x33 Drivers/STM32F1xx_HAL_Driver/Src/stm32f1xx_hal_gpio.o
 .ARM.attributes
                0x0000000000000236       0x33 Drivers/STM32F1xx_HAL_Driver/Src/stm32f1xx_hal_rcc.o
 .ARM.attributes
                0x0000000000000269       0x33 Drivers/STM32F1xx_HAL_Driver/Src/stm32f1xx_hal_spi.o
 .ARM.attributes
                0x000000000000029c       0x33 Drivers/STM32F1xx_HAL_Driver/Src/stm32f1xx_hal_uart.o
 .ARM.attributes
                0x00000000000002cf       0x2d /opt/st/stm32cubeide_1.5.1/plugins/com.st.stm32cube.ide.mcu.externaltools.gnu-tools-for-stm32.7-2018-q2-update.linux64_1.5.0.202011040924/tools/bin/../lib/gcc/arm-none-eabi/7.3.1/../../../../arm-none-eabi/lib/thumb/v7-m/libc_nano.a(lib_a-errno.o)
 .ARM.attributes
                0x00000000000002fc       0x2d /opt/st/stm32cubeide_1.5.1/plugins/com.st.stm32cube.ide.mcu.externaltools.gnu-tools-for-stm32.7-2018-q2-update.linux64_1.5.0.202011040924/tools/bin/../lib/gcc/arm-none-eabi/7.3.1/../../../../arm-none-eabi/lib/thumb/v7-m/libc_nano.a(lib_a-impure.o)
 .ARM.attributes
                0x0000000000000329       0x2d /opt/st/stm32cubeide_1.5.1/plugins/com.st.stm32cube.ide.mcu.externaltools.gnu-tools-for-stm32.7-2018-q2-update.linux64_1.5.0.202011040924/tools/bin/../lib/gcc/arm-none-eabi/7.3.1/../../../../arm-none-eabi/lib/thumb/v7-m/libc_nano.a(lib_a-init.o)
 .ARM.attributes
                0x0000000000000356       0x2d /opt/st/stm32cubeide_1.5.1/plugins/com.st.stm32cube.ide.mcu.externaltools.gnu-tools-for-stm32.7-2018-q2-update.linux64_1.5.0.202011040924/tools/bin/../lib/gcc/arm-none-eabi/7.3.1/../../../../arm-none-eabi/lib/thumb/v7-m/libc_nano.a(lib_a-memcpy-stub.o)
 .ARM.attributes
                0x0000000000000383       0x2d /opt/st/stm32cubeide_1.5.1/plugins/com.st.stm32cube.ide.mcu.externaltools.gnu-tools-for-stm32.7-2018-q2-update.linux64_1.5.0.202011040924/tools/bin/../lib/gcc/arm-none-eabi/7.3.1/../../../../arm-none-eabi/lib/thumb/v7-m/libc_nano.a(lib_a-memset.o)
 .ARM.attributes
                0x00000000000003b0       0x2d /opt/st/stm32cubeide_1.5.1/plugins/com.st.stm32cube.ide.mcu.externaltools.gnu-tools-for-stm32.7-2018-q2-update.linux64_1.5.0.202011040924/tools/bin/../lib/gcc/arm-none-eabi/7.3.1/../../../../arm-none-eabi/lib/thumb/v7-m/libc_nano.a(lib_a-snprintf.o)
 .ARM.attributes
                0x00000000000003dd       0x17 /opt/st/stm32cubeide_1.5.1/plugins/com.st.stm32cube.ide.mcu.externaltools.gnu-tools-for-stm32.7-2018-q2-update.linux64_1.5.0.202011040924/tools/bin/../lib/gcc/arm-none-eabi/7.3.1/../../../../arm-none-eabi/lib/thumb/v7-m/libc_nano.a(lib_a-strlen.o)
 .ARM.attributes
                0x00000000000003f4       0x2d /opt/st/stm32cubeide_1.5.1/plugins/com.st.stm32cube.ide.mcu.externaltools.gnu-tools-for-stm32.7-2018-q2-update.linux64_1.5.0.202011040924/tools/bin/../lib/gcc/arm-none-eabi/7.3.1/../../../../arm-none-eabi/lib/thumb/v7-m/libc_nano.a(lib_a-nano-svfprintf.o)
 .ARM.attributes
                0x0000000000000421       0x2d /opt/st/stm32cubeide_1.5.1/plugins/com.st.stm32cube.ide.mcu.externaltools.gnu-tools-for-stm32.7-2018-q2-update.linux64_1.5.0.202011040924/tools/bin/../lib/gcc/arm-none-eabi/7.3.1/../../../../arm-none-eabi/lib/thumb/v7-m/libc_nano.a(lib_a-nano-vfprintf_i.o)
 .ARM.attributes
                0x000000000000044e       0x2d /opt/st/stm32cubeide_1.5.1/plugins/com.st.stm32cube.ide.mcu.externaltools.gnu-tools-for-stm32.7-2018-q2-update.linux64_1.5.0.202011040924/tools/bin/../lib/gcc/arm-none-eabi/7.3.1/../../../../arm-none-eabi/lib/thumb/v7-m/libc_nano.a(lib_a-memchr-stub.o)
 .ARM.attributes
                0x000000000000047b       0x2d /opt/st/stm32cubeide_1.5.1/plugins/com.st.stm32cube.ide.mcu.externaltools.gnu-tools-for-stm32.7-2018-q2-update.linux64_1.5.0.202011040924/tools/bin/../lib/gcc/arm-none-eabi/7.3.1/../../../../arm-none-eabi/lib/thumb/v7-m/libc_nano.a(lib_a-memmove.o)
 .ARM.attributes
                0x00000000000004a8       0x2d /opt/st/stm32cubeide_1.5.1/plugins/com.st.stm32cube.ide.mcu.externaltools.gnu-tools-for-stm32.7-2018-q2-update.linux64_1.5.0.202011040924/tools/bin/../lib/gcc/arm-none-eabi/7.3.1/../../../../arm-none-eabi/lib/thumb/v7-m/libc_nano.a(lib_a-nano-freer.o)
 .ARM.attributes
                0x00000000000004d5       0x2d /opt/st/stm32cubeide_1.5.1/plugins/com.st.stm32cube.ide.mcu.externaltools.gnu-tools-for-stm32.7-2018-q2-update.linux64_1.5.0.202011040924/tools/bin/../lib/gcc/arm-none-eabi/7.3.1/../../../../arm-none-eabi/lib/thumb/v7-m/libc_nano.a(lib_a-nano-mallocr.o)
 .ARM.attributes
                0x0000000000000502       0x2d /opt/st/stm32cubeide_1.5.1/plugins/com.st.stm32cube.ide.mcu.externaltools.gnu-tools-for-stm32.7-2018-q2-update.linux64_1.5.0.202011040924/tools/bin/../lib/gcc/arm-none-eabi/7.3.1/../../../../arm-none-eabi/lib/thumb/v7-m/libc_nano.a(lib_a-nano-reallocr.o)
 .ARM.attributes
                0x000000000000052f       0x2d /opt/st/stm32cubeide_1.5.1/plugins/com.st.stm32cube.ide.mcu.externaltools.gnu-tools-for-stm32.7-2018-q2-update.linux64_1.5.0.202011040924/tools/bin/../lib/gcc/arm-none-eabi/7.3.1/../../../../arm-none-eabi/lib/thumb/v7-m/libc_nano.a(lib_a-sbrkr.o)
 .ARM.attributes
                0x000000000000055c       0x2d /opt/st/stm32cubeide_1.5.1/plugins/com.st.stm32cube.ide.mcu.externaltools.gnu-tools-for-stm32.7-2018-q2-update.linux64_1.5.0.202011040924/tools/bin/../lib/gcc/arm-none-eabi/7.3.1/../../../../arm-none-eabi/lib/thumb/v7-m/libc_nano.a(lib_a-mlock.o)
 .ARM.attributes
                0x0000000000000589       0x2d /opt/st/stm32cubeide_1.5.1/plugins/com.st.stm32cube.ide.mcu.externaltools.gnu-tools-for-stm32.7-2018-q2-update.linux64_1.5.0.202011040924/tools/bin/../lib/gcc/arm-none-eabi/7.3.1/../../../../arm-none-eabi/lib/thumb/v7-m/libc_nano.a(lib_a-nano-msizer.o)
 .ARM.attributes
                0x00000000000005b6       0x2d /opt/st/stm32cubeide_1.5.1/plugins/com.st.stm32cube.ide.mcu.externaltools.gnu-tools-for-stm32.7-2018-q2-update.linux64_1.5.0.202011040924/tools/bin/../lib/gcc/arm-none-eabi/7.3.1/../../../../arm-none-eabi/lib/thumb/v7-m/libc_nano.a(lib_a-reent.o)
 .ARM.attributes
                0x00000000000005e3       0x1d /opt/st/stm32cubeide_1.5.1/plugins/com.st.stm32cube.ide.mcu.externaltools.gnu-tools-for-stm32.7-2018-q2-update.linux64_1.5.0.202011040924/tools/bin/../lib/gcc/arm-none-eabi/7.3.1/thumb/v7-m/crtn.o
OUTPUT(smart_home.elf elf32-littlearm)

.debug_info     0x0000000000000000     0x928c
 .debug_info    0x0000000000000000     0x148c Core/Src/main.o
 .debug_info    0x000000000000148c     0x1b26 Core/Src/nrf24l01.o
 .debug_info    0x0000000000002fb2      0xb1a Core/Src/stm32f1xx_hal_msp.o
 .debug_info    0x0000000000003acc      0x20a Core/Src/stm32f1xx_it.o
 .debug_info    0x0000000000003cd6      0x985 Core/Src/sysmem.o
 .debug_info    0x000000000000465b      0x29a Core/Src/system_stm32f1xx.o
 .debug_info    0x00000000000048f5       0x22 Core/Startup/startup_stm32f103rctx.o
 .debug_info    0x0000000000004917      0x77a Drivers/STM32F1xx_HAL_Driver/Src/stm32f1xx_hal.o
 .debug_info    0x0000000000005091      0xbb7 Drivers/STM32F1xx_HAL_Driver/Src/stm32f1xx_hal_cortex.o
 .debug_info    0x0000000000005c48      0x69b Drivers/STM32F1xx_HAL_Driver/Src/stm32f1xx_hal_gpio.o
 .debug_info    0x00000000000062e3      0x80f Drivers/STM32F1xx_HAL_Driver/Src/stm32f1xx_hal_rcc.o
 .debug_info    0x0000000000006af2     0x157f Drivers/STM32F1xx_HAL_Driver/Src/stm32f1xx_hal_spi.o
 .debug_info    0x0000000000008071     0x121b Drivers/STM32F1xx_HAL_Driver/Src/stm32f1xx_hal_uart.o

.debug_abbrev   0x0000000000000000     0x1889
 .debug_abbrev  0x0000000000000000      0x290 Core/Src/main.o
 .debug_abbrev  0x0000000000000290      0x3a5 Core/Src/nrf24l01.o
 .debug_abbrev  0x0000000000000635      0x18c Core/Src/stm32f1xx_hal_msp.o
 .debug_abbrev  0x00000000000007c1       0xc6 Core/Src/stm32f1xx_it.o
 .debug_abbrev  0x0000000000000887      0x19b Core/Src/sysmem.o
 .debug_abbrev  0x0000000000000a22      0x134 Core/Src/system_stm32f1xx.o
 .debug_abbrev  0x0000000000000b56       0x12 Core/Startup/startup_stm32f103rctx.o
 .debug_abbrev  0x0000000000000b68      0x1c7 Drivers/STM32F1xx_HAL_Driver/Src/stm32f1xx_hal.o
 .debug_abbrev  0x0000000000000d2f      0x2d5 Drivers/STM32F1xx_HAL_Driver/Src/stm32f1xx_hal_cortex.o
 .debug_abbrev  0x0000000000001004      0x1c0 Drivers/STM32F1xx_HAL_Driver/Src/stm32f1xx_hal_gpio.o
 .debug_abbrev  0x00000000000011c4      0x243 Drivers/STM32F1xx_HAL_Driver/Src/stm32f1xx_hal_rcc.o
 .debug_abbrev  0x0000000000001407      0x240 Drivers/STM32F1xx_HAL_Driver/Src/stm32f1xx_hal_spi.o
 .debug_abbrev  0x0000000000001647      0x242 Drivers/STM32F1xx_HAL_Driver/Src/stm32f1xx_hal_uart.o

.debug_aranges  0x0000000000000000      0x988
 .debug_aranges
                0x0000000000000000       0x50 Core/Src/main.o
 .debug_aranges
                0x0000000000000050      0x1c0 Core/Src/nrf24l01.o
 .debug_aranges
                0x0000000000000210       0x40 Core/Src/stm32f1xx_hal_msp.o
 .debug_aranges
                0x0000000000000250       0x60 Core/Src/stm32f1xx_it.o
 .debug_aranges
                0x00000000000002b0       0x20 Core/Src/sysmem.o
 .debug_aranges
                0x00000000000002d0       0x28 Core/Src/system_stm32f1xx.o
 .debug_aranges
                0x00000000000002f8       0x28 Core/Startup/startup_stm32f103rctx.o
 .debug_aranges
                0x0000000000000320       0xe0 Drivers/STM32F1xx_HAL_Driver/Src/stm32f1xx_hal.o
 .debug_aranges
                0x0000000000000400      0x100 Drivers/STM32F1xx_HAL_Driver/Src/stm32f1xx_hal_cortex.o
 .debug_aranges
                0x0000000000000500       0x58 Drivers/STM32F1xx_HAL_Driver/Src/stm32f1xx_hal_gpio.o
 .debug_aranges
                0x0000000000000558       0x90 Drivers/STM32F1xx_HAL_Driver/Src/stm32f1xx_hal_rcc.o
 .debug_aranges
                0x00000000000005e8      0x1d0 Drivers/STM32F1xx_HAL_Driver/Src/stm32f1xx_hal_spi.o
 .debug_aranges
                0x00000000000007b8      0x1d0 Drivers/STM32F1xx_HAL_Driver/Src/stm32f1xx_hal_uart.o

.debug_ranges   0x0000000000000000      0x8c0
 .debug_ranges  0x0000000000000000       0x40 Core/Src/main.o
 .debug_ranges  0x0000000000000040      0x1b0 Core/Src/nrf24l01.o
 .debug_ranges  0x00000000000001f0       0x30 Core/Src/stm32f1xx_hal_msp.o
 .debug_ranges  0x0000000000000220       0x50 Core/Src/stm32f1xx_it.o
 .debug_ranges  0x0000000000000270       0x10 Core/Src/sysmem.o
 .debug_ranges  0x0000000000000280       0x18 Core/Src/system_stm32f1xx.o
 .debug_ranges  0x0000000000000298       0x20 Core/Startup/startup_stm32f103rctx.o
 .debug_ranges  0x00000000000002b8       0xd0 Drivers/STM32F1xx_HAL_Driver/Src/stm32f1xx_hal.o
 .debug_ranges  0x0000000000000388       0xf0 Drivers/STM32F1xx_HAL_Driver/Src/stm32f1xx_hal_cortex.o
 .debug_ranges  0x0000000000000478       0x48 Drivers/STM32F1xx_HAL_Driver/Src/stm32f1xx_hal_gpio.o
 .debug_ranges  0x00000000000004c0       0x80 Drivers/STM32F1xx_HAL_Driver/Src/stm32f1xx_hal_rcc.o
 .debug_ranges  0x0000000000000540      0x1c0 Drivers/STM32F1xx_HAL_Driver/Src/stm32f1xx_hal_spi.o
 .debug_ranges  0x0000000000000700      0x1c0 Drivers/STM32F1xx_HAL_Driver/Src/stm32f1xx_hal_uart.o

.debug_macro    0x0000000000000000    0x195dd
 .debug_macro   0x0000000000000000      0x349 Core/Src/main.o
 .debug_macro   0x0000000000000349      0xa5a Core/Src/main.o
 .debug_macro   0x0000000000000da3      0x21b Core/Src/main.o
 .debug_macro   0x0000000000000fbe       0x2e Core/Src/main.o
 .debug_macro   0x0000000000000fec       0x22 Core/Src/main.o
 .debug_macro   0x000000000000100e       0x22 Core/Src/main.o
 .debug_macro   0x0000000000001030       0x8e Core/Src/main.o
 .debug_macro   0x00000000000010be       0x51 Core/Src/main.o
 .debug_macro   0x000000000000110f       0xef Core/Src/main.o
 .debug_macro   0x00000000000011fe       0x6a Core/Src/main.o
 .debug_macro   0x0000000000001268      0x1df Core/Src/main.o
 .debug_macro   0x0000000000001447       0x1c Core/Src/main.o
 .debug_macro   0x0000000000001463       0x22 Core/Src/main.o
 .debug_macro   0x0000000000001485       0xc3 Core/Src/main.o
 .debug_macro   0x0000000000001548      0xd23 Core/Src/main.o
 .debug_macro   0x000000000000226b     0xfd85 Core/Src/main.o
 .debug_macro   0x0000000000011ff0       0x43 Core/Src/main.o
 .debug_macro   0x0000000000012033     0x3468 Core/Src/main.o
 .debug_macro   0x000000000001549b      0x174 Core/Src/main.o
 .debug_macro   0x000000000001560f       0x5c Core/Src/main.o
 .debug_macro   0x000000000001566b      0x5be Core/Src/main.o
 .debug_macro   0x0000000000015c29      0x4d5 Core/Src/main.o
 .debug_macro   0x00000000000160fe      0x1cb Core/Src/main.o
 .debug_macro   0x00000000000162c9      0x114 Core/Src/main.o
 .debug_macro   0x00000000000163dd      0x1ea Core/Src/main.o
 .debug_macro   0x00000000000165c7       0x27 Core/Src/main.o
 .debug_macro   0x00000000000165ee      0x144 Core/Src/main.o
 .debug_macro   0x0000000000016732      0x1bc Core/Src/main.o
 .debug_macro   0x00000000000168ee       0x30 Core/Src/main.o
 .debug_macro   0x000000000001691e       0x3c Core/Src/main.o
 .debug_macro   0x000000000001695a       0x57 Core/Src/main.o
 .debug_macro   0x00000000000169b1       0x88 Core/Src/main.o
 .debug_macro   0x0000000000016a39      0x24f Core/Src/main.o
 .debug_macro   0x0000000000016c88      0x141 Core/Src/main.o
 .debug_macro   0x0000000000016dc9      0x217 Core/Src/main.o
 .debug_macro   0x0000000000016fe0      0x26b Core/Src/main.o
 .debug_macro   0x000000000001724b       0xb5 Core/Src/main.o
 .debug_macro   0x0000000000017300       0x40 Core/Src/main.o
 .debug_macro   0x0000000000017340       0x46 Core/Src/main.o
 .debug_macro   0x0000000000017386       0x18 Core/Src/main.o
 .debug_macro   0x000000000001739e       0x3c Core/Src/main.o
 .debug_macro   0x00000000000173da       0x34 Core/Src/main.o
 .debug_macro   0x000000000001740e       0x52 Core/Src/main.o
 .debug_macro   0x0000000000017460       0x1f Core/Src/main.o
 .debug_macro   0x000000000001747f       0x43 Core/Src/main.o
 .debug_macro   0x00000000000174c2       0x20 Core/Src/main.o
 .debug_macro   0x00000000000174e2      0x1a3 Core/Src/main.o
 .debug_macro   0x0000000000017685      0x32a Core/Src/main.o
 .debug_macro   0x00000000000179af       0x10 Core/Src/main.o
 .debug_macro   0x00000000000179bf       0x35 Core/Src/main.o
 .debug_macro   0x00000000000179f4       0x20 Core/Src/main.o
 .debug_macro   0x0000000000017a14       0x1c Core/Src/main.o
 .debug_macro   0x0000000000017a30       0x10 Core/Src/main.o
 .debug_macro   0x0000000000017a40       0x10 Core/Src/main.o
 .debug_macro   0x0000000000017a50       0x1c Core/Src/main.o
 .debug_macro   0x0000000000017a6c       0x52 Core/Src/main.o
 .debug_macro   0x0000000000017abe       0x40 Core/Src/main.o
 .debug_macro   0x0000000000017afe       0x10 Core/Src/main.o
 .debug_macro   0x0000000000017b0e       0x40 Core/Src/main.o
 .debug_macro   0x0000000000017b4e       0xd7 Core/Src/main.o
 .debug_macro   0x0000000000017c25       0x1c Core/Src/main.o
 .debug_macro   0x0000000000017c41       0x3d Core/Src/main.o
 .debug_macro   0x0000000000017c7e       0x16 Core/Src/main.o
 .debug_macro   0x0000000000017c94      0x145 Core/Src/main.o
 .debug_macro   0x0000000000017dd9       0x22 Core/Src/main.o
 .debug_macro   0x0000000000017dfb      0x232 Core/Src/main.o
 .debug_macro   0x000000000001802d      0x35d Core/Src/nrf24l01.o
 .debug_macro   0x000000000001838a      0x1a7 Core/Src/stm32f1xx_hal_msp.o
 .debug_macro   0x0000000000018531      0x1b1 Core/Src/stm32f1xx_it.o
 .debug_macro   0x00000000000186e2       0xee Core/Src/sysmem.o
 .debug_macro   0x00000000000187d0      0x23b Core/Src/sysmem.o
 .debug_macro   0x0000000000018a0b      0x198 Core/Src/system_stm32f1xx.o
 .debug_macro   0x0000000000018ba3      0x1bc Drivers/STM32F1xx_HAL_Driver/Src/stm32f1xx_hal.o
 .debug_macro   0x0000000000018d5f      0x198 Drivers/STM32F1xx_HAL_Driver/Src/stm32f1xx_hal_cortex.o
 .debug_macro   0x0000000000018ef7      0x203 Drivers/STM32F1xx_HAL_Driver/Src/stm32f1xx_hal_gpio.o
 .debug_macro   0x00000000000190fa      0x1aa Drivers/STM32F1xx_HAL_Driver/Src/stm32f1xx_hal_rcc.o
 .debug_macro   0x00000000000192a4      0x1a0 Drivers/STM32F1xx_HAL_Driver/Src/stm32f1xx_hal_spi.o
 .debug_macro   0x0000000000019444      0x199 Drivers/STM32F1xx_HAL_Driver/Src/stm32f1xx_hal_uart.o

.debug_line     0x0000000000000000     0x714a
 .debug_line    0x0000000000000000      0x9a7 Core/Src/main.o
 .debug_line    0x00000000000009a7      0xd4b Core/Src/nrf24l01.o
 .debug_line    0x00000000000016f2      0x69c Core/Src/stm32f1xx_hal_msp.o
 .debug_line    0x0000000000001d8e      0x6e1 Core/Src/stm32f1xx_it.o
 .debug_line    0x000000000000246f      0x49a Core/Src/sysmem.o
 .debug_line    0x0000000000002909      0x661 Core/Src/system_stm32f1xx.o
 .debug_line    0x0000000000002f6a       0x84 Core/Startup/startup_stm32f103rctx.o
 .debug_line    0x0000000000002fee      0x814 Drivers/STM32F1xx_HAL_Driver/Src/stm32f1xx_hal.o
 .debug_line    0x0000000000003802      0x8eb Drivers/STM32F1xx_HAL_Driver/Src/stm32f1xx_hal_cortex.o
 .debug_line    0x00000000000040ed      0x838 Drivers/STM32F1xx_HAL_Driver/Src/stm32f1xx_hal_gpio.o
 .debug_line    0x0000000000004925      0x8d4 Drivers/STM32F1xx_HAL_Driver/Src/stm32f1xx_hal_rcc.o
 .debug_line    0x00000000000051f9      0xfff Drivers/STM32F1xx_HAL_Driver/Src/stm32f1xx_hal_spi.o
 .debug_line    0x00000000000061f8      0xf52 Drivers/STM32F1xx_HAL_Driver/Src/stm32f1xx_hal_uart.o

.debug_str      0x0000000000000000    0x92815
 .debug_str     0x0000000000000000    0x9030a Core/Src/main.o
                                      0x90814 (size before relaxing)
 .debug_str     0x000000000009030a      0x570 Core/Src/nrf24l01.o
                                      0x90a2b (size before relaxing)
 .debug_str     0x000000000009087a       0xa1 Core/Src/stm32f1xx_hal_msp.o
                                      0x8c089 (size before relaxing)
 .debug_str     0x000000000009091b       0xbd Core/Src/stm32f1xx_it.o
                                      0x8baed (size before relaxing)
 .debug_str     0x00000000000909d8      0x4e9 Core/Src/sysmem.o
                                       0x5f41 (size before relaxing)
 .debug_str     0x0000000000090ec1       0x52 Core/Src/system_stm32f1xx.o
                                      0x8b9f8 (size before relaxing)
 .debug_str     0x0000000000090f13       0x36 Core/Startup/startup_stm32f103rctx.o
                                         0x71 (size before relaxing)
 .debug_str     0x0000000000090f49      0x5f1 Drivers/STM32F1xx_HAL_Driver/Src/stm32f1xx_hal.o
                                      0x8c16d (size before relaxing)
 .debug_str     0x000000000009153a      0x2f6 Drivers/STM32F1xx_HAL_Driver/Src/stm32f1xx_hal_cortex.o
                                      0x8c175 (size before relaxing)
 .debug_str     0x0000000000091830      0x324 Drivers/STM32F1xx_HAL_Driver/Src/stm32f1xx_hal_gpio.o
                                      0x8bdbc (size before relaxing)
 .debug_str     0x0000000000091b54      0x24f Drivers/STM32F1xx_HAL_Driver/Src/stm32f1xx_hal_rcc.o
                                      0x8bdf5 (size before relaxing)
 .debug_str     0x0000000000091da3      0x54e Drivers/STM32F1xx_HAL_Driver/Src/stm32f1xx_hal_spi.o
                                      0x8c303 (size before relaxing)
 .debug_str     0x00000000000922f1      0x524 Drivers/STM32F1xx_HAL_Driver/Src/stm32f1xx_hal_uart.o
                                      0x8c2fb (size before relaxing)

.comment        0x0000000000000000       0x7b
 .comment       0x0000000000000000       0x7b Core/Src/main.o
                                         0x7c (size before relaxing)
 .comment       0x000000000000007b       0x7c Core/Src/nrf24l01.o
 .comment       0x000000000000007b       0x7c Core/Src/stm32f1xx_hal_msp.o
 .comment       0x000000000000007b       0x7c Core/Src/stm32f1xx_it.o
 .comment       0x000000000000007b       0x7c Core/Src/sysmem.o
 .comment       0x000000000000007b       0x7c Core/Src/system_stm32f1xx.o
 .comment       0x000000000000007b       0x7c Drivers/STM32F1xx_HAL_Driver/Src/stm32f1xx_hal.o
 .comment       0x000000000000007b       0x7c Drivers/STM32F1xx_HAL_Driver/Src/stm32f1xx_hal_cortex.o
 .comment       0x000000000000007b       0x7c Drivers/STM32F1xx_HAL_Driver/Src/stm32f1xx_hal_gpio.o
 .comment       0x000000000000007b       0x7c Drivers/STM32F1xx_HAL_Driver/Src/stm32f1xx_hal_rcc.o
 .comment       0x000000000000007b       0x7c Drivers/STM32F1xx_HAL_Driver/Src/stm32f1xx_hal_spi.o
 .comment       0x000000000000007b       0x7c Drivers/STM32F1xx_HAL_Driver/Src/stm32f1xx_hal_uart.o

.debug_frame    0x0000000000000000     0x293c
 .debug_frame   0x0000000000000000       0xec Core/Src/main.o
 .debug_frame   0x00000000000000ec      0x714 Core/Src/nrf24l01.o
 .debug_frame   0x0000000000000800       0xc8 Core/Src/stm32f1xx_hal_msp.o
 .debug_frame   0x00000000000008c8      0x104 Core/Src/stm32f1xx_it.o
 .debug_frame   0x00000000000009cc       0x34 Core/Src/sysmem.o
 .debug_frame   0x0000000000000a00       0x58 Core/Src/system_stm32f1xx.o
 .debug_frame   0x0000000000000a58      0x334 Drivers/STM32F1xx_HAL_Driver/Src/stm32f1xx_hal.o
 .debug_frame   0x0000000000000d8c      0x428 Drivers/STM32F1xx_HAL_Driver/Src/stm32f1xx_hal_cortex.o
 .debug_frame   0x00000000000011b4      0x14c Drivers/STM32F1xx_HAL_Driver/Src/stm32f1xx_hal_gpio.o
 .debug_frame   0x0000000000001300      0x21c Drivers/STM32F1xx_HAL_Driver/Src/stm32f1xx_hal_rcc.o
 .debug_frame   0x000000000000151c      0x824 Drivers/STM32F1xx_HAL_Driver/Src/stm32f1xx_hal_spi.o
 .debug_frame   0x0000000000001d40      0x834 Drivers/STM32F1xx_HAL_Driver/Src/stm32f1xx_hal_uart.o
 .debug_frame   0x0000000000002574       0x20 /opt/st/stm32cubeide_1.5.1/plugins/com.st.stm32cube.ide.mcu.externaltools.gnu-tools-for-stm32.7-2018-q2-update.linux64_1.5.0.202011040924/tools/bin/../lib/gcc/arm-none-eabi/7.3.1/../../../../arm-none-eabi/lib/thumb/v7-m/libc_nano.a(lib_a-errno.o)
 .debug_frame   0x0000000000002594       0x2c /opt/st/stm32cubeide_1.5.1/plugins/com.st.stm32cube.ide.mcu.externaltools.gnu-tools-for-stm32.7-2018-q2-update.linux64_1.5.0.202011040924/tools/bin/../lib/gcc/arm-none-eabi/7.3.1/../../../../arm-none-eabi/lib/thumb/v7-m/libc_nano.a(lib_a-init.o)
 .debug_frame   0x00000000000025c0       0x28 /opt/st/stm32cubeide_1.5.1/plugins/com.st.stm32cube.ide.mcu.externaltools.gnu-tools-for-stm32.7-2018-q2-update.linux64_1.5.0.202011040924/tools/bin/../lib/gcc/arm-none-eabi/7.3.1/../../../../arm-none-eabi/lib/thumb/v7-m/libc_nano.a(lib_a-memcpy-stub.o)
 .debug_frame   0x00000000000025e8       0x20 /opt/st/stm32cubeide_1.5.1/plugins/com.st.stm32cube.ide.mcu.externaltools.gnu-tools-for-stm32.7-2018-q2-update.linux64_1.5.0.202011040924/tools/bin/../lib/gcc/arm-none-eabi/7.3.1/../../../../arm-none-eabi/lib/thumb/v7-m/libc_nano.a(lib_a-memset.o)
 .debug_frame   0x0000000000002608       0x7c /opt/st/stm32cubeide_1.5.1/plugins/com.st.stm32cube.ide.mcu.externaltools.gnu-tools-for-stm32.7-2018-q2-update.linux64_1.5.0.202011040924/tools/bin/../lib/gcc/arm-none-eabi/7.3.1/../../../../arm-none-eabi/lib/thumb/v7-m/libc_nano.a(lib_a-snprintf.o)
 .debug_frame   0x0000000000002684       0x90 /opt/st/stm32cubeide_1.5.1/plugins/com.st.stm32cube.ide.mcu.externaltools.gnu-tools-for-stm32.7-2018-q2-update.linux64_1.5.0.202011040924/tools/bin/../lib/gcc/arm-none-eabi/7.3.1/../../../../arm-none-eabi/lib/thumb/v7-m/libc_nano.a(lib_a-nano-svfprintf.o)
 .debug_frame   0x0000000000002714       0x60 /opt/st/stm32cubeide_1.5.1/plugins/com.st.stm32cube.ide.mcu.externaltools.gnu-tools-for-stm32.7-2018-q2-update.linux64_1.5.0.202011040924/tools/bin/../lib/gcc/arm-none-eabi/7.3.1/../../../../arm-none-eabi/lib/thumb/v7-m/libc_nano.a(lib_a-nano-vfprintf_i.o)
 .debug_frame   0x0000000000002774       0x28 /opt/st/stm32cubeide_1.5.1/plugins/com.st.stm32cube.ide.mcu.externaltools.gnu-tools-for-stm32.7-2018-q2-update.linux64_1.5.0.202011040924/tools/bin/../lib/gcc/arm-none-eabi/7.3.1/../../../../arm-none-eabi/lib/thumb/v7-m/libc_nano.a(lib_a-memchr-stub.o)
 .debug_frame   0x000000000000279c       0x28 /opt/st/stm32cubeide_1.5.1/plugins/com.st.stm32cube.ide.mcu.externaltools.gnu-tools-for-stm32.7-2018-q2-update.linux64_1.5.0.202011040924/tools/bin/../lib/gcc/arm-none-eabi/7.3.1/../../../../arm-none-eabi/lib/thumb/v7-m/libc_nano.a(lib_a-memmove.o)
 .debug_frame   0x00000000000027c4       0x38 /opt/st/stm32cubeide_1.5.1/plugins/com.st.stm32cube.ide.mcu.externaltools.gnu-tools-for-stm32.7-2018-q2-update.linux64_1.5.0.202011040924/tools/bin/../lib/gcc/arm-none-eabi/7.3.1/../../../../arm-none-eabi/lib/thumb/v7-m/libc_nano.a(lib_a-nano-freer.o)
 .debug_frame   0x00000000000027fc       0x2c /opt/st/stm32cubeide_1.5.1/plugins/com.st.stm32cube.ide.mcu.externaltools.gnu-tools-for-stm32.7-2018-q2-update.linux64_1.5.0.202011040924/tools/bin/../lib/gcc/arm-none-eabi/7.3.1/../../../../arm-none-eabi/lib/thumb/v7-m/libc_nano.a(lib_a-nano-mallocr.o)
 .debug_frame   0x0000000000002828       0x3c /opt/st/stm32cubeide_1.5.1/plugins/com.st.stm32cube.ide.mcu.externaltools.gnu-tools-for-stm32.7-2018-q2-update.linux64_1.5.0.202011040924/tools/bin/../lib/gcc/arm-none-eabi/7.3.1/../../../../arm-none-eabi/lib/thumb/v7-m/libc_nano.a(lib_a-nano-reallocr.o)
 .debug_frame   0x0000000000002864       0x2c /opt/st/stm32cubeide_1.5.1/plugins/com.st.stm32cube.ide.mcu.externaltools.gnu-tools-for-stm32.7-2018-q2-update.linux64_1.5.0.202011040924/tools/bin/../lib/gcc/arm-none-eabi/7.3.1/../../../../arm-none-eabi/lib/thumb/v7-m/libc_nano.a(lib_a-sbrkr.o)
 .debug_frame   0x0000000000002890       0x30 /opt/st/stm32cubeide_1.5.1/plugins/com.st.stm32cube.ide.mcu.externaltools.gnu-tools-for-stm32.7-2018-q2-update.linux64_1.5.0.202011040924/tools/bin/../lib/gcc/arm-none-eabi/7.3.1/../../../../arm-none-eabi/lib/thumb/v7-m/libc_nano.a(lib_a-mlock.o)
 .debug_frame   0x00000000000028c0       0x20 /opt/st/stm32cubeide_1.5.1/plugins/com.st.stm32cube.ide.mcu.externaltools.gnu-tools-for-stm32.7-2018-q2-update.linux64_1.5.0.202011040924/tools/bin/../lib/gcc/arm-none-eabi/7.3.1/../../../../arm-none-eabi/lib/thumb/v7-m/libc_nano.a(lib_a-nano-msizer.o)
 .debug_frame   0x00000000000028e0       0x5c /opt/st/stm32cubeide_1.5.1/plugins/com.st.stm32cube.ide.mcu.externaltools.gnu-tools-for-stm32.7-2018-q2-update.linux64_1.5.0.202011040924/tools/bin/../lib/gcc/arm-none-eabi/7.3.1/../../../../arm-none-eabi/lib/thumb/v7-m/libc_nano.a(lib_a-reent.o)
