Archive member included to satisfy reference by file (symbol)

/opt/st/stm32cubeide_1.5.1/plugins/com.st.stm32cube.ide.mcu.externaltools.gnu-tools-for-stm32.7-2018-q2-update.linux64_1.5.0.202011040924/tools/bin/../lib/gcc/arm-none-eabi/7.3.1/../../../../arm-none-eabi/lib/thumb/v7-m/libc_nano.a(lib_a-errno.o)
                              Core/Src/syscalls.o (__errno)
/opt/st/stm32cubeide_1.5.1/plugins/com.st.stm32cube.ide.mcu.externaltools.gnu-tools-for-stm32.7-2018-q2-update.linux64_1.5.0.202011040924/tools/bin/../lib/gcc/arm-none-eabi/7.3.1/../../../../arm-none-eabi/lib/thumb/v7-m/libc_nano.a(lib_a-exit.o)
                              /opt/st/stm32cubeide_1.5.1/plugins/com.st.stm32cube.ide.mcu.externaltools.gnu-tools-for-stm32.7-2018-q2-update.linux64_1.5.0.202011040924/tools/bin/../lib/gcc/arm-none-eabi/7.3.1/../../../../arm-none-eabi/lib/thumb/v7-m/crt0.o (exit)
/opt/st/stm32cubeide_1.5.1/plugins/com.st.stm32cube.ide.mcu.externaltools.gnu-tools-for-stm32.7-2018-q2-update.linux64_1.5.0.202011040924/tools/bin/../lib/gcc/arm-none-eabi/7.3.1/../../../../arm-none-eabi/lib/thumb/v7-m/libc_nano.a(lib_a-impure.o)
                              /opt/st/stm32cubeide_1.5.1/plugins/com.st.stm32cube.ide.mcu.externaltools.gnu-tools-for-stm32.7-2018-q2-update.linux64_1.5.0.202011040924/tools/bin/../lib/gcc/arm-none-eabi/7.3.1/../../../../arm-none-eabi/lib/thumb/v7-m/libc_nano.a(lib_a-exit.o) (_global_impure_ptr)
/opt/st/stm32cubeide_1.5.1/plugins/com.st.stm32cube.ide.mcu.externaltools.gnu-tools-for-stm32.7-2018-q2-update.linux64_1.5.0.202011040924/tools/bin/../lib/gcc/arm-none-eabi/7.3.1/../../../../arm-none-eabi/lib/thumb/v7-m/libc_nano.a(lib_a-init.o)
                              /opt/st/stm32cubeide_1.5.1/plugins/com.st.stm32cube.ide.mcu.externaltools.gnu-tools-for-stm32.7-2018-q2-update.linux64_1.5.0.202011040924/tools/bin/../lib/gcc/arm-none-eabi/7.3.1/../../../../arm-none-eabi/lib/thumb/v7-m/crt0.o (__libc_init_array)
/opt/st/stm32cubeide_1.5.1/plugins/com.st.stm32cube.ide.mcu.externaltools.gnu-tools-for-stm32.7-2018-q2-update.linux64_1.5.0.202011040924/tools/bin/../lib/gcc/arm-none-eabi/7.3.1/../../../../arm-none-eabi/lib/thumb/v7-m/libc_nano.a(lib_a-memcpy-stub.o)
                              Core/Src/nrf24l01.o (memcpy)
/opt/st/stm32cubeide_1.5.1/plugins/com.st.stm32cube.ide.mcu.externaltools.gnu-tools-for-stm32.7-2018-q2-update.linux64_1.5.0.202011040924/tools/bin/../lib/gcc/arm-none-eabi/7.3.1/../../../../arm-none-eabi/lib/thumb/v7-m/libc_nano.a(lib_a-memset.o)
                              /opt/st/stm32cubeide_1.5.1/plugins/com.st.stm32cube.ide.mcu.externaltools.gnu-tools-for-stm32.7-2018-q2-update.linux64_1.5.0.202011040924/tools/bin/../lib/gcc/arm-none-eabi/7.3.1/../../../../arm-none-eabi/lib/thumb/v7-m/crt0.o (memset)
/opt/st/stm32cubeide_1.5.1/plugins/com.st.stm32cube.ide.mcu.externaltools.gnu-tools-for-stm32.7-2018-q2-update.linux64_1.5.0.202011040924/tools/bin/../lib/gcc/arm-none-eabi/7.3.1/../../../../arm-none-eabi/lib/thumb/v7-m/libc_nano.a(lib_a-snprintf.o)
                              Core/Src/main.o (snprintf)
/opt/st/stm32cubeide_1.5.1/plugins/com.st.stm32cube.ide.mcu.externaltools.gnu-tools-for-stm32.7-2018-q2-update.linux64_1.5.0.202011040924/tools/bin/../lib/gcc/arm-none-eabi/7.3.1/../../../../arm-none-eabi/lib/thumb/v7-m/libc_nano.a(lib_a-strlen.o)
                              Core/Src/main.o (strlen)
/opt/st/stm32cubeide_1.5.1/plugins/com.st.stm32cube.ide.mcu.externaltools.gnu-tools-for-stm32.7-2018-q2-update.linux64_1.5.0.202011040924/tools/bin/../lib/gcc/arm-none-eabi/7.3.1/../../../../arm-none-eabi/lib/thumb/v7-m/libc_nano.a(lib_a-nano-svfprintf.o)
                              /opt/st/stm32cubeide_1.5.1/plugins/com.st.stm32cube.ide.mcu.externaltools.gnu-tools-for-stm32.7-2018-q2-update.linux64_1.5.0.202011040924/tools/bin/../lib/gcc/arm-none-eabi/7.3.1/../../../../arm-none-eabi/lib/thumb/v7-m/libc_nano.a(lib_a-snprintf.o) (_svfprintf_r)
/opt/st/stm32cubeide_1.5.1/plugins/com.st.stm32cube.ide.mcu.externaltools.gnu-tools-for-stm32.7-2018-q2-update.linux64_1.5.0.202011040924/tools/bin/../lib/gcc/arm-none-eabi/7.3.1/../../../../arm-none-eabi/lib/thumb/v7-m/libc_nano.a(lib_a-nano-vfprintf_i.o)
                              /opt/st/stm32cubeide_1.5.1/plugins/com.st.stm32cube.ide.mcu.externaltools.gnu-tools-for-stm32.7-2018-q2-update.linux64_1.5.0.202011040924/tools/bin/../lib/gcc/arm-none-eabi/7.3.1/../../../../arm-none-eabi/lib/thumb/v7-m/libc_nano.a(lib_a-nano-svfprintf.o) (_printf_i)
/opt/st/stm32cubeide_1.5.1/plugins/com.st.stm32cube.ide.mcu.externaltools.gnu-tools-for-stm32.7-2018-q2-update.linux64_1.5.0.202011040924/tools/bin/../lib/gcc/arm-none-eabi/7.3.1/../../../../arm-none-eabi/lib/thumb/v7-m/libc_nano.a(lib_a-memchr-stub.o)
[...]
Memory Configuration

Name             Origin             Length             Attributes
RAM              0x0000000020000000 0x000000000000c000 xrw
FLASH            0x0000000008000000 0x0000000000040000 xr
*default*        0x0000000000000000 0xffffffffffffffff

Linker script and memory map

LOAD /opt/st/stm32cubeide_1.5.1/plugins/com.st.stm32cube.ide.mcu.externaltools.gnu-tools-for-stm32.7-2018-q2-update.linux64_1.5.0.202011040924/tools/bin/../lib/gcc/arm-none-eabi/7.3.1/thumb/v7-m/crti.o
LOAD /opt/st/stm32cubeide_1.5.1/plugins/com.st.stm32cube.ide.mcu.externaltools.gnu-tools-for-stm32.7-2018-q2-update.linux64_1.5.0.202011040924/tools/bin/../lib/gcc/arm-none-eabi/7.3.1/thumb/v7-m/crtbegin.o
LOAD /opt/st/stm32cubeide_1.5.1/plugins/com.st.stm32cube.ide.mcu.externaltools.gnu-tools-for-stm32.7-2018-q2-update.linux64_1.5.0.202011040924/tools/bin/../lib/gcc/arm-none-eabi/7.3.1/../../../../arm-none-eabi/lib/thumb/v7-m/crt0.o
LOAD Core/Src/main.o
LOAD Core/Src/nrf24l01.o
LOAD Core/Src/stm32f1xx_hal_msp.o
LOAD Core/Src/stm32f1xx_it.o
LOAD Core/Src/syscalls.o
LOAD Core/Src/sysmem.o
LOAD Core/Src/system_stm32f1xx.o
LOAD Core/Startup/startup_stm32f103rctx.o
LOAD Drivers/STM32F1xx_HAL_Driver/Src/stm32f1xx_hal.o
LOAD Drivers/STM32F1xx_HAL_Driver/Src/stm32f1xx_hal_cortex.o
LOAD Drivers/STM32F1xx_HAL_Driver/Src/stm32f1xx_hal_dma.o
LOAD Drivers/STM32F1xx_HAL_Driver/Src/stm32f1xx_hal_exti.o
LOAD Drivers/STM32F1xx_HAL_Driver/Src/stm32f1xx_hal_flash.o
LOAD Drivers/STM32F1xx_HAL_Driver/Src/stm32f1xx_hal_flash_ex.o
LOAD Drivers/STM32F1xx_HAL_Driver/Src/stm32f1xx_hal_gpio.o
LOAD Drivers/STM32F1xx_HAL_Driver/Src/stm32f1xx_hal_gpio_ex.o
LOAD Drivers/STM32F1xx_HAL_Driver/Src/stm32f1xx_hal_pwr.o
LOAD Drivers/STM32F1xx_HAL_Driver/Src/stm32f1xx_hal_rcc.o
LOAD Drivers/STM32F1xx_HAL_Driver/Src/stm32f1xx_hal_rcc_ex.o
LOAD Drivers/STM32F1xx_HAL_Driver/Src/stm32f1xx_hal_spi.o
LOAD Drivers/STM32F1xx_HAL_Driver/Src/stm32f1xx_hal_tim.o
LOAD Drivers/STM32F1xx_HAL_Driver/Src/stm32f1xx_hal_tim_ex.o
LOAD Drivers/STM32F1xx_HAL_Driver/Src/stm32f1xx_hal_uart.o
START GROUP
LOAD /opt/st/stm32cubeide_1.5.1/plugins/com.st.stm32cube.ide.mcu.externaltools.gnu-tools-for-stm32.7-2018-q2-update.linux64_1.5.0.202011040924/tools/bin/../lib/gcc/arm-none-eabi/7.3.1/../../../../arm-none-eabi/lib/thumb/v7-m/libstdc++_nano.a
LOAD /opt/st/stm32cubeide_1.5.1/plugins/com.st.stm32cube.ide.mcu.externaltools.gnu-tools-for-stm32.7-2018-q2-update.linux64_1.5.0.202011040924/tools/bin/../lib/gcc/arm-none-eabi/7.3.1/../../../../arm-none-eabi/lib/thumb/v7-m/libsupc++_nano.a
END GROUP
LOAD /opt/st/stm32cubeide_1.5.1/plugins/com.st.stm32cube.ide.mcu.externaltools.gnu-tools-for-stm32.7-2018-q2-update.linux64_1.5.0.202011040924/tools/bin/../lib/gcc/arm-none-eabi/7.3.1/../../../../arm-none-eabi/lib/thumb/v7-m/libstdc++_nano.a
LOAD /opt/st/stm32cubeide_1.5.1/plugins/com.st.stm32cube.ide.mcu.externaltools.gnu-tools-for-stm32.7-2018-q2-update.linux64_1.5.0.202011040924/tools/bin/../lib/gcc/arm-none-eabi/7.3.1/../../../../arm-none-eabi/lib/thumb/v7-m/libm.a
LOAD /opt/st/stm32cubeide_1.5.1/plugins/com.st.stm32cube.ide.mcu.externaltools.gnu-tools-for-stm32.7-2018-q2-update.linux64_1.5.0.202011040924/tools/bin/../lib/gcc/arm-none-eabi/7.3.1/../../../../arm-none-eabi/lib/thumb/v7-m/libc_nano.a
START GROUP
LOAD /opt/st/stm32cubeide_1.5.1/plugins/com.st.stm32cube.ide.mcu.externaltools.gnu-tools-for-stm32.7-2018-q2-update.linux64_1.5.0.202011040924/tools/bin/../lib/gcc/arm-none-eabi/7.3.1/thumb/v7-m/libgcc.a
LOAD /opt/st/stm32cubeide_1.5.1/plugins/com.st.stm32cube.ide.mcu.externaltools.gnu-tools-for-stm32.7-2018-q2-update.linux64_1.5.0.202011040924/tools/bin/../lib/gcc/arm-none-eabi/7.3.1/../../../../arm-none-eabi/lib/thumb/v7-m/libc_nano.a
END GROUP
START GROUP
LOAD /opt/st/stm32cubeide_1.5.1/plugins/com.st.stm32cube.ide.mcu.externaltools.gnu-tools-for-stm32.7-2018-q2-update.linux64_1.5.0.202011040924/tools/bin/../lib/gcc/arm-none-eabi/7.3.1/thumb/v7-m/libgcc.a
LOAD /opt/st/stm32cubeide_1.5.1/plugins/com.st.stm32cube.ide.mcu.externaltools.gnu-tools-for-stm32.7-2018-q2-update.linux64_1.5.0.202011040924/tools/bin/../lib/gcc/arm-none-eabi/7.3.1/../../../../arm-none-eabi/lib/thumb/v7-m/libc_nano.a
LOAD /opt/st/stm32cubeide_1.5.1/plugins/com.st.stm32cube.ide.mcu.externaltools.gnu-tools-for-stm32.7-2018-q2-update.linux64_1.5.0.202011040924/tools/bin/../lib/gcc/arm-none-eabi/7.3.1/../../../../arm-none-eabi/lib/thumb/v7-m/libnosys.a
END GROUP
START GROUP
LOAD /opt/st/stm32cubeide_1.5.1/plugins/com.st.stm32cube.ide.mcu.externaltools.gnu-tools-for-stm32.7-2018-q2-update.linux64_1.5.0.202011040924/tools/bin/../lib/gcc/arm-none-eabi/7.3.1/thumb/v7-m/libgcc.a
LOAD /opt/st/stm32cubeide_1.5.1/plugins/com.st.stm32cube.ide.mcu.externaltools.gnu-tools-for-stm32.7-2018-q2-update.linux64_1.5.0.202011040924/tools/bin/../lib/gcc/arm-none-eabi/7.3.1/../../../../arm-none-eabi/lib/thumb/v7-m/libc_nano.a
LOAD /opt/st/stm32cubeide_1.5.1/plugins/com.st.stm32cube.ide.mcu.externaltools.gnu-tools-for-stm32.7-2018-q2-update.linux64_1.5.0.202011040924/tools/bin/../lib/gcc/arm-none-eabi/7.3.1/../../../../arm-none-eabi/lib/thumb/v7-m/libnosys.a
END GROUP
LOAD /opt/st/stm32cubeide_1.5.1/plugins/com.st.stm32cube.ide.mcu.externaltools.gnu-tools-for-stm32.7-2018-q2-update.linux64_1.5.0.202011040924/tools/bin/../lib/gcc/arm-none-eabi/7.3.1/thumb/v7-m/crtend.o
LOAD /opt/st/stm32cubeide_1.5.1/plugins/com.st.stm32cube.ide.mcu.externaltools.gnu-tools-for-stm32.7-2018-q2-update.linux64_1.5.0.202011040924/tools/bin/../lib/gcc/arm-none-eabi/7.3.1/thumb/v7-m/crtn.o
                0x000000002000c000                _estack = (ORIGIN (RAM) + LENGTH (RAM))
                0x0000000000000200                _Min_Heap_Size = 0x200
                0x0000000000000400                _Min_Stack_Size = 0x400

.isr_vector     0x0000000008000000      0x1e4
                0x0000000008000000                . = ALIGN (0x4)
 *(.isr_vector)
 .isr_vector    0x0000000008000000      0x1e4 Core/Startup/startup_stm32f103rctx.o
                0x0000000008000000                g_pfnVectors
                0x00000000080001e4                . = ALIGN (0x4)

.text           0x00000000080001e8     0x26b8
                0x00000000080001e8                . = ALIGN (0x4)
 *(.text)
 .text          0x00000000080001e8       0x40 /opt/st/stm32cubeide_1.5.1/plugins/com.st.stm32cube.ide.mcu.externaltools.gnu-tools-for-stm32.7-2018-q2-update.linux64_1.5.0.202011040924/tools/bin/../lib/gcc/arm-none-eabi/7.3.1/thumb/v7-m/crtbegin.o
 .text          0x0000000008000228       0x10 /opt/st/stm32cubeide_1.5.1/plugins/com.st.stm32cube.ide.mcu.externaltools.gnu-tools-for-stm32.7-2018-q2-update.linux64_1.5.0.202011040924/tools/bin/../lib/gcc/arm-none-eabi/7.3.1/../../../../arm-none-eabi/lib/thumb/v7-m/libc_nano.a(lib_a-strlen.o)
                0x0000000008000228                strlen
 *(.text*)
 .text.SystemClock_Config
                0x0000000008000238       0x50 Core/Src/main.o
                0x0000000008000238                SystemClock_Config
 .text.startup.main
                0x0000000008000288      0x464 Core/Src/main.o
                0x0000000008000288                main
 .text.DWT_Init
                0x00000000080006ec       0x20 Core/Src/nrf24l01.o
                0x00000000080006ec                DWT_Init
 .text.delay_us
                0x000000000800070c       0x28 Core/Src/nrf24l01.o
                0x000000000800070c                delay_us
 .text.csn      0x0000000008000734       0x1c Core/Src/nrf24l01.o
                0x0000000008000734                csn
 .text.ce       0x0000000008000750       0x10 Core/Src/nrf24l01.o
                0x0000000008000750                ce
 .text.read_register
                0x0000000008000760       0x4c Core/Src/nrf24l01.o
                0x0000000008000760                read_register
 .text.write_registerMy
                0x00000000080007ac       0x54 Core/Src/nrf24l01.o
                0x00000000080007ac                write_registerMy
 .text.write_register
                0x0000000008000800       0x58 Core/Src/nrf24l01.o
                0x0000000008000800                write_register
 .text.read_payload
                0x0000000008000858       0x7c Core/Src/nrf24l01.o
                0x0000000008000858                read_payload
 .text.spiTrans
                0x00000000080008d4       0x3c Core/Src/nrf24l01.o
                0x00000000080008d4                spiTrans
 .text.flush_rx
                0x0000000008000910        0x6 Core/Src/nrf24l01.o
                0x0000000008000910                flush_rx
 .text.flush_tx
                0x0000000008000916        0x6 Core/Src/nrf24l01.o
                0x0000000008000916                flush_tx
 .text.get_status
                0x000000000800091c        0x6 Core/Src/nrf24l01.o
                0x000000000800091c                get_status
 .text.setChannel
                0x0000000008000922        0x8 Core/Src/nrf24l01.o
                0x0000000008000922                setChannel
 .text.getChannel
                0x000000000800092a        0x6 Core/Src/nrf24l01.o
                0x000000000800092a                getChannel
 .text.getPayloadSize
                0x0000000008000930        0xc Core/Src/nrf24l01.o
                0x0000000008000930                getPayloadSize
 .text.isChipConnected
                0x000000000800093c       0x16 Core/Src/nrf24l01.o
                0x000000000800093c                isChipConnected
 .text.powerUp  0x0000000008000952       0x26 Core/Src/nrf24l01.o
                0x0000000008000952                powerUp
 .text.maskIRQ  0x0000000008000978       0x2a Core/Src/nrf24l01.o
                0x0000000008000978                maskIRQ
 *fill*         0x00000000080009a2        0x2 
 .text.getDynamicPayloadSize
                0x00000000080009a4       0x60 Core/Src/nrf24l01.o
                0x00000000080009a4                getDynamicPayloadSize
 .text.available
                0x0000000008000a04       0x22 Core/Src/nrf24l01.o
                0x0000000008000a04                available
 .text.availableMy
                0x0000000008000a26        0x6 Core/Src/nrf24l01.o
                0x0000000008000a26                availableMy
 .text.read     0x0000000008000a2c       0x12 Core/Src/nrf24l01.o
                0x0000000008000a2c                read
 *fill*         0x0000000008000a3e        0x2 
 .text.openReadingPipe
                0x0000000008000a40       0x78 Core/Src/nrf24l01.o
                0x0000000008000a40                openReadingPipe
 .text.closeReadingPipe
                0x0000000008000ab8       0x28 Core/Src/nrf24l01.o
                0x0000000008000ab8                closeReadingPipe
 .text.startListening
                0x0000000008000ae0       0x58 Core/Src/nrf24l01.o
                0x0000000008000ae0                startListening
 .text.toggle_features
                0x0000000008000b38       0x3c Core/Src/nrf24l01.o
                0x0000000008000b38                toggle_features
 .text.enableAckPayload
                0x0000000008000b74       0x34 Core/Src/nrf24l01.o
                0x0000000008000b74                enableAckPayload
 .text.writeAckPayload
                0x0000000008000ba8       0x4c Core/Src/nrf24l01.o
                0x0000000008000ba8                writeAckPayload
 .text.setPALevel
                0x0000000008000bf4       0x2a Core/Src/nrf24l01.o
                0x0000000008000bf4                setPALevel
 .text.getPALevel
                0x0000000008000c1e        0xe Core/Src/nrf24l01.o
                0x0000000008000c1e                getPALevel
 .text.setDataRate
                0x0000000008000c2c       0x44 Core/Src/nrf24l01.o
                0x0000000008000c2c                setDataRate
 .text.NRF_Init
                0x0000000008000c70       0xc4 Core/Src/nrf24l01.o
                0x0000000008000c70                NRF_Init
 .text.getDataRate
                0x0000000008000d34       0x1e Core/Src/nrf24l01.o
                0x0000000008000d34                getDataRate
 .text.getCRCLength
                0x0000000008000d52       0x22 Core/Src/nrf24l01.o
                0x0000000008000d52                getCRCLength
 .text.HAL_MspInit
                0x0000000008000d74       0x44 Core/Src/stm32f1xx_hal_msp.o
                0x0000000008000d74                HAL_MspInit
 .text.HAL_SPI_MspInit
                0x0000000008000db8       0x74 Core/Src/stm32f1xx_hal_msp.o
                0x0000000008000db8                HAL_SPI_MspInit
 .text.HAL_UART_MspInit
                0x0000000008000e2c       0x78 Core/Src/stm32f1xx_hal_msp.o
                0x0000000008000e2c                HAL_UART_MspInit
 .text.NMI_Handler
                0x0000000008000ea4        0x2 Core/Src/stm32f1xx_it.o
                0x0000000008000ea4                NMI_Handler
 .text.HardFault_Handler
                0x0000000008000ea6        0x2 Core/Src/stm32f1xx_it.o
                0x0000000008000ea6                HardFault_Handler
 .text.MemManage_Handler
                0x0000000008000ea8        0x2 Core/Src/stm32f1xx_it.o
                0x0000000008000ea8                MemManage_Handler
 .text.BusFault_Handler
                0x0000000008000eaa        0x2 Core/Src/stm32f1xx_it.o
                0x0000000008000eaa                BusFault_Handler
 .text.UsageFault_Handler
                0x0000000008000eac        0x2 Core/Src/stm32f1xx_it.o
                0x0000000008000eac                UsageFault_Handler
 .text.SVC_Handler
                0x0000000008000eae        0x2 Core/Src/stm32f1xx_it.o
                0x0000000008000eae                SVC_Handler
 .text.DebugMon_Handler
                0x0000000008000eb0        0x2 Core/Src/stm32f1xx_it.o
                0x0000000008000eb0                DebugMon_Handler
 .text.PendSV_Handler
                0x0000000008000eb2        0x2 Core/Src/stm32f1xx_it.o
                0x0000000008000eb2                PendSV_Handler
 .text.SysTick_Handler
                0x0000000008000eb4        0x4 Core/Src/stm32f1xx_it.o
                0x0000000008000eb4                SysTick_Handler
 .text._sbrk    0x0000000008000eb8       0x40 Core/Src/sysmem.o
                0x0000000008000eb8                _sbrk
 .text.SystemInit
                0x0000000008000ef8        0x2 Core/Src/system_stm32f1xx.o
                0x0000000008000ef8                SystemInit
 *fill*         0x0000000008000efa        0x2 
 .text.Reset_Handler
                0x0000000008000efc       0x48 Core/Startup/startup_stm32f103rctx.o
                0x0000000008000efc                Reset_Handler
 .text.Default_Handler
                0x0000000008000f44        0x2 Core/Startup/startup_stm32f103rctx.o
                0x0000000008000f44                RTC_Alarm_IRQHandler
                0x0000000008000f44                EXTI2_IRQHandler
                0x0000000008000f44                TIM8_TRG_COM_IRQHandler
                0x0000000008000f44                TIM8_CC_IRQHandler
                0x0000000008000f44                TIM1_CC_IRQHandler
                0x0000000008000f44                TIM6_IRQHandler
                0x0000000008000f44                PVD_IRQHandler
                0x0000000008000f44                SDIO_IRQHandler
                0x0000000008000f44                EXTI3_IRQHandler
                0x0000000008000f44                EXTI0_IRQHandler
                0x0000000008000f44                I2C2_EV_IRQHandler
                0x0000000008000f44                ADC1_2_IRQHandler
                0x0000000008000f44                SPI1_IRQHandler
                0x0000000008000f44                TAMPER_IRQHandler
                0x0000000008000f44                TIM8_UP_IRQHandler
                0x0000000008000f44                DMA2_Channel2_IRQHandler
                0x0000000008000f44                DMA1_Channel4_IRQHandler
                0x0000000008000f44                USART3_IRQHandler
                0x0000000008000f44                RTC_IRQHandler
                0x0000000008000f44                DMA1_Channel7_IRQHandler
                0x0000000008000f44                CAN1_RX1_IRQHandler
                0x0000000008000f44                UART5_IRQHandler
                0x0000000008000f44                ADC3_IRQHandler
                0x0000000008000f44                TIM4_IRQHandler
                0x0000000008000f44                DMA2_Channel1_IRQHandler
                0x0000000008000f44                I2C1_EV_IRQHandler
                0x0000000008000f44                DMA1_Channel6_IRQHandler
                0x0000000008000f44                UART4_IRQHandler
                0x0000000008000f44                TIM3_IRQHandler
                0x0000000008000f44                RCC_IRQHandler
                0x0000000008000f44                TIM1_TRG_COM_IRQHandler
                0x0000000008000f44                DMA1_Channel1_IRQHandler
                0x0000000008000f44                Default_Handler
                0x0000000008000f44                EXTI15_10_IRQHandler
                0x0000000008000f44                TIM7_IRQHandler
                0x0000000008000f44                TIM5_IRQHandler
                0x0000000008000f44                EXTI9_5_IRQHandler
                0x0000000008000f44                SPI2_IRQHandler
                0x0000000008000f44                DMA1_Channel5_IRQHandler
                0x0000000008000f44                EXTI4_IRQHandler
                0x0000000008000f44                USB_LP_CAN1_RX0_IRQHandler
                0x0000000008000f44                USB_HP_CAN1_TX_IRQHandler
                0x0000000008000f44                DMA1_Channel3_IRQHandler
                0x0000000008000f44                FSMC_IRQHandler
                0x0000000008000f44                TIM1_UP_IRQHandler
                0x0000000008000f44                WWDG_IRQHandler
                0x0000000008000f44                TIM2_IRQHandler
                0x0000000008000f44                TIM1_BRK_IRQHandler
                0x0000000008000f44                EXTI1_IRQHandler
                0x0000000008000f44                DMA2_Channel4_5_IRQHandler
                0x0000000008000f44                USART2_IRQHandler
                0x0000000008000f44                I2C2_ER_IRQHandler
                0x0000000008000f44                DMA1_Channel2_IRQHandler
                0x0000000008000f44                TIM8_BRK_IRQHandler
                0x0000000008000f44                CAN1_SCE_IRQHandler
                0x0000000008000f44                FLASH_IRQHandler
                0x0000000008000f44                USART1_IRQHandler
                0x0000000008000f44                SPI3_IRQHandler
                0x0000000008000f44                I2C1_ER_IRQHandler
                0x0000000008000f44                USBWakeUp_IRQHandler
                0x0000000008000f44                DMA2_Channel3_IRQHandler
 *fill*         0x0000000008000f46        0x2 
 .text.HAL_InitTick
                0x0000000008000f48       0x48 Drivers/STM32F1xx_HAL_Driver/Src/stm32f1xx_hal.o
                0x0000000008000f48                HAL_InitTick
 .text.HAL_Init
                0x0000000008000f90       0x24 Drivers/STM32F1xx_HAL_Driver/Src/stm32f1xx_hal.o
                0x0000000008000f90                HAL_Init
 .text.HAL_IncTick
                0x0000000008000fb4       0x18 Drivers/STM32F1xx_HAL_Driver/Src/stm32f1xx_hal.o
                0x0000000008000fb4                HAL_IncTick
 .text.HAL_GetTick
                0x0000000008000fcc        0xc Drivers/STM32F1xx_HAL_Driver/Src/stm32f1xx_hal.o
                0x0000000008000fcc                HAL_GetTick
 .text.HAL_Delay
                0x0000000008000fd8       0x24 Drivers/STM32F1xx_HAL_Driver/Src/stm32f1xx_hal.o
                0x0000000008000fd8                HAL_Delay
 .text.HAL_NVIC_SetPriorityGrouping
                0x0000000008000ffc       0x24 Drivers/STM32F1xx_HAL_Driver/Src/stm32f1xx_hal_cortex.o
                0x0000000008000ffc                HAL_NVIC_SetPriorityGrouping
 .text.HAL_NVIC_SetPriority
                0x0000000008001020       0x68 Drivers/STM32F1xx_HAL_Driver/Src/stm32f1xx_hal_cortex.o
                0x0000000008001020                HAL_NVIC_SetPriority
 .text.HAL_SYSTICK_Config
                0x0000000008001088       0x2c Drivers/STM32F1xx_HAL_Driver/Src/stm32f1xx_hal_cortex.o
                0x0000000008001088                HAL_SYSTICK_Config
 .text.HAL_GPIO_Init
                0x00000000080010b4      0x1d8 Drivers/STM32F1xx_HAL_Driver/Src/stm32f1xx_hal_gpio.o
                0x00000000080010b4                HAL_GPIO_Init
 .text.HAL_GPIO_WritePin
                0x000000000800128c        0xa Drivers/STM32F1xx_HAL_Driver/Src/stm32f1xx_hal_gpio.o
                0x000000000800128c                HAL_GPIO_WritePin
 .text.HAL_GPIO_TogglePin
                0x0000000008001296       0x12 Drivers/STM32F1xx_HAL_Driver/Src/stm32f1xx_hal_gpio.o
                0x0000000008001296                HAL_GPIO_TogglePin
 .text.HAL_RCC_OscConfig
                0x00000000080012a8      0x33c Drivers/STM32F1xx_HAL_Driver/Src/stm32f1xx_hal_rcc.o
                0x00000000080012a8                HAL_RCC_OscConfig
 .text.HAL_RCC_GetSysClockFreq
                0x00000000080015e4       0x74 Drivers/STM32F1xx_HAL_Driver/Src/stm32f1xx_hal_rcc.o
                0x00000000080015e4                HAL_RCC_GetSysClockFreq
 .text.HAL_RCC_ClockConfig
                0x0000000008001658      0x138 Drivers/STM32F1xx_HAL_Driver/Src/stm32f1xx_hal_rcc.o
                0x0000000008001658                HAL_RCC_ClockConfig
 .text.HAL_RCC_GetPCLK1Freq
                0x0000000008001790       0x20 Drivers/STM32F1xx_HAL_Driver/Src/stm32f1xx_hal_rcc.o
                0x0000000008001790                HAL_RCC_GetPCLK1Freq
 .text.HAL_RCC_GetPCLK2Freq
                0x00000000080017b0       0x20 Drivers/STM32F1xx_HAL_Driver/Src/stm32f1xx_hal_rcc.o
                0x00000000080017b0                HAL_RCC_GetPCLK2Freq
 .text.SPI_WaitFlagStateUntilTimeout.constprop.6
                0x00000000080017d0       0xac Drivers/STM32F1xx_HAL_Driver/Src/stm32f1xx_hal_spi.o
 .text.SPI_EndRxTransaction
                0x000000000800187c       0x4e Drivers/STM32F1xx_HAL_Driver/Src/stm32f1xx_hal_spi.o
 .text.SPI_EndRxTxTransaction
                0x00000000080018ca       0x1c Drivers/STM32F1xx_HAL_Driver/Src/stm32f1xx_hal_spi.o
 .text.HAL_SPI_Init
                0x00000000080018e6       0xb0 Drivers/STM32F1xx_HAL_Driver/Src/stm32f1xx_hal_spi.o
                0x00000000080018e6                HAL_SPI_Init
 .text.HAL_SPI_Transmit
                0x0000000008001996      0x156 Drivers/STM32F1xx_HAL_Driver/Src/stm32f1xx_hal_spi.o
                0x0000000008001996                HAL_SPI_Transmit
 .text.HAL_SPI_TransmitReceive
                0x0000000008001aec      0x1e0 Drivers/STM32F1xx_HAL_Driver/Src/stm32f1xx_hal_spi.o
                0x0000000008001aec                HAL_SPI_TransmitReceive
 .text.HAL_SPI_Receive
                0x0000000008001ccc      0x136 Drivers/STM32F1xx_HAL_Driver/Src/stm32f1xx_hal_spi.o
                0x0000000008001ccc                HAL_SPI_Receive
 *fill*         0x0000000008001e02        0x2 
 .text.UART_SetConfig
                0x0000000008001e04       0x74 Drivers/STM32F1xx_HAL_Driver/Src/stm32f1xx_hal_uart.o
 .text.UART_WaitOnFlagUntilTimeout.constprop.3
                0x0000000008001e78       0x50 Drivers/STM32F1xx_HAL_Driver/Src/stm32f1xx_hal_uart.o
 .text.HAL_UART_Init
                0x0000000008001ec8       0x5c Drivers/STM32F1xx_HAL_Driver/Src/stm32f1xx_hal_uart.o
                0x0000000008001ec8                HAL_UART_Init
 .text.HAL_UART_Transmit
                0x0000000008001f24       0xae Drivers/STM32F1xx_HAL_Driver/Src/stm32f1xx_hal_uart.o
                0x0000000008001f24                HAL_UART_Transmit
 *fill*         0x0000000008001fd2        0x2 
 .text.__errno  0x0000000008001fd4        0xc /opt/st/stm32cubeide_1.5.1/plugins/com.st.stm32cube.ide.mcu.externaltools.gnu-tools-for-stm32.7-2018-q2-update.linux64_1.5.0.202011040924/tools/bin/../lib/gcc/arm-none-eabi/7.3.1/../../../../arm-none-eabi/lib/thumb/v7-m/libc_nano.a(lib_a-errno.o)
                0x0000000008001fd4                __errno
 .text.__libc_init_array
                0x0000000008001fe0       0x48 /opt/st/stm32cubeide_1.5.1/plugins/com.st.stm32cube.ide.mcu.externaltools.gnu-tools-for-stm32.7-2018-q2-update.linux64_1.5.0.202011040924/tools/bin/../lib/gcc/arm-none-eabi/7.3.1/../../../../arm-none-eabi/lib/thumb/v7-m/libc_nano.a(lib_a-init.o)
                0x0000000008001fe0                __libc_init_array
 .text.memcpy   0x0000000008002028       0x16 /opt/st/stm32cubeide_1.5.1/plugins/com.st.stm32cube.ide.mcu.externaltools.gnu-tools-for-stm32.7-2018-q2-update.linux64_1.5.0.202011040924/tools/bin/../lib/gcc/arm-none-eabi/7.3.1/../../../../arm-none-eabi/lib/thumb/v7-m/libc_nano.a(lib_a-memcpy-stub.o)
                0x0000000008002028                memcpy
 .text.memset   0x000000000800203e       0x10 /opt/st/stm32cubeide_1.5.1/plugins/com.st.stm32cube.ide.mcu.externaltools.gnu-tools-for-stm32.7-2018-q2-update.linux64_1.5.0.202011040924/tools/bin/../lib/gcc/arm-none-eabi/7.3.1/../../../../arm-none-eabi/lib/thumb/v7-m/libc_nano.a(lib_a-memset.o)
                0x000000000800203e                memset
 *fill*         0x000000000800204e        0x2 
 .text.snprintf
                0x0000000008002050       0x68 /opt/st/stm32cubeide_1.5.1/plugins/com.st.stm32cube.ide.mcu.externaltools.gnu-tools-for-stm32.7-2018-q2-update.linux64_1.5.0.202011040924/tools/bin/../lib/gcc/arm-none-eabi/7.3.1/../../../../arm-none-eabi/lib/thumb/v7-m/libc_nano.a(lib_a-snprintf.o)
                0x0000000008002050                snprintf
                0x0000000008002050                sniprintf
 .text.__ssputs_r
                0x00000000080020b8       0xb4 /opt/st/stm32cubeide_1.5.1/plugins/com.st.stm32cube.ide.mcu.externaltools.gnu-tools-for-stm32.7-2018-q2-update.linux64_1.5.0.202011040924/tools/bin/../lib/gcc/arm-none-eabi/7.3.1/../../../../arm-none-eabi/lib/thumb/v7-m/libc_nano.a(lib_a-nano-svfprintf.o)
                0x00000000080020b8                __ssputs_r
 .text._svfprintf_r
                0x000000000800216c      0x1f0 /opt/st/stm32cubeide_1.5.1/plugins/com.st.stm32cube.ide.mcu.externaltools.gnu-tools-for-stm32.7-2018-q2-update.linux64_1.5.0.202011040924/tools/bin/../lib/gcc/arm-none-eabi/7.3.1/../../../../arm-none-eabi/lib/thumb/v7-m/libc_nano.a(lib_a-nano-svfprintf.o)
                0x000000000800216c                _svfprintf_r
                0x000000000800216c                _svfiprintf_r
 .text._printf_common
                0x000000000800235c       0xec /opt/st/stm32cubeide_1.5.1/plugins/com.st.stm32cube.ide.mcu.externaltools.gnu-tools-for-stm32.7-2018-q2-update.linux64_1.5.0.202011040924/tools/bin/../lib/gcc/arm-none-eabi/7.3.1/../../../../arm-none-eabi/lib/thumb/v7-m/libc_nano.a(lib_a-nano-vfprintf_i.o)
                0x000000000800235c                _printf_common
 .text._printf_i
                0x0000000008002448      0x224 /opt/st/stm32cubeide_1.5.1/plugins/com.st.stm32cube.ide.mcu.externaltools.gnu-tools-for-stm32.7-2018-q2-update.linux64_1.5.0.202011040924/tools/bin/../lib/gcc/arm-none-eabi/7.3.1/../../../../arm-none-eabi/lib/thumb/v7-m/libc_nano.a(lib_a-nano-vfprintf_i.o)
                0x0000000008002448                _printf_i
 .text.memchr   0x000000000800266c       0x1c /opt/st/stm32cubeide_1.5.1/plugins/com.st.stm32cube.ide.mcu.externaltools.gnu-tools-for-stm32.7-2018-q2-update.linux64_1.5.0.202011040924/tools/bin/../lib/gcc/arm-none-eabi/7.3.1/../../../../arm-none-eabi/lib/thumb/v7-m/libc_nano.a(lib_a-memchr-stub.o)
                0x000000000800266c                memchr
 .text.memmove  0x0000000008002688       0x32 /opt/st/stm32cubeide_1.5.1/plugins/com.st.stm32cube.ide.mcu.externaltools.gnu-tools-for-stm32.7-2018-q2-update.linux64_1.5.0.202011040924/tools/bin/../lib/gcc/arm-none-eabi/7.3.1/../../../../arm-none-eabi/lib/thumb/v7-m/libc_nano.a(lib_a-memmove.o)
                0x0000000008002688                memmove
 *fill*         0x00000000080026ba        0x2 
 .text._free_r  0x00000000080026bc       0x98 /opt/st/stm32cubeide_1.5.1/plugins/com.st.stm32cube.ide.mcu.externaltools.gnu-tools-for-stm32.7-2018-q2-update.linux64_1.5.0.202011040924/tools/bin/../lib/gcc/arm-none-eabi/7.3.1/../../../../arm-none-eabi/lib/thumb/v7-m/libc_nano.a(lib_a-nano-freer.o)
                0x00000000080026bc                _free_r
 .text._malloc_r
                0x0000000008002754       0xb4 /opt/st/stm32cubeide_1.5.1/plugins/com.st.stm32cube.ide.mcu.externaltools.gnu-tools-for-stm32.7-2018-q2-update.linux64_1.5.0.202011040924/tools/bin/../lib/gcc/arm-none-eabi/7.3.1/../../../../arm-none-eabi/lib/thumb/v7-m/libc_nano.a(lib_a-nano-mallocr.o)
                0x0000000008002754                _malloc_r
 .text._realloc_r
                0x0000000008002808       0x4c /opt/st/stm32cubeide_1.5.1/plugins/com.st.stm32cube.ide.mcu.externaltools.gnu-tools-for-stm32.7-2018-q2-update.linux64_1.5.0.202011040924/tools/bin/../lib/gcc/arm-none-eabi/7.3.1/../../../../arm-none-eabi/lib/thumb/v7-m/libc_nano.a(lib_a-nano-reallocr.o)
                0x0000000008002808                _realloc_r
 .text._sbrk_r  0x0000000008002854       0x20 /opt/st/stm32cubeide_1.5.1/plugins/com.st.stm32cube.ide.mcu.externaltools.gnu-tools-for-stm32.7-2018-q2-update.linux64_1.5.0.202011040924/tools/bin/../lib/gcc/arm-none-eabi/7.3.1/../../../../arm-none-eabi/lib/thumb/v7-m/libc_nano.a(lib_a-sbrkr.o)
                0x0000000008002854                _sbrk_r
 .text.__malloc_lock
                0x0000000008002874        0x2 /opt/st/stm32cubeide_1.5.1/plugins/com.st.stm32cube.ide.mcu.externaltools.gnu-tools-for-stm32.7-2018-q2-update.linux64_1.5.0.202011040924/tools/bin/../lib/gcc/arm-none-eabi/7.3.1/../../../../arm-none-eabi/lib/thumb/v7-m/libc_nano.a(lib_a-mlock.o)
                0x0000000008002874                __malloc_lock
 .text.__malloc_unlock
                0x0000000008002876        0x2 /opt/st/stm32cubeide_1.5.1/plugins/com.st.stm32cube.ide.mcu.externaltools.gnu-tools-for-stm32.7-2018-q2-update.linux64_1.5.0.202011040924/tools/bin/../lib/gcc/arm-none-eabi/7.3.1/../../../../arm-none-eabi/lib/thumb/v7-m/libc_nano.a(lib_a-mlock.o)
                0x0000000008002876                __malloc_unlock
 .text._malloc_usable_size_r
                0x0000000008002878       0x10 /opt/st/stm32cubeide_1.5.1/plugins/com.st.stm32cube.ide.mcu.externaltools.gnu-tools-for-stm32.7-2018-q2-update.linux64_1.5.0.202011040924/tools/bin/../lib/gcc/arm-none-eabi/7.3.1/../../../../arm-none-eabi/lib/thumb/v7-m/libc_nano.a(lib_a-nano-msizer.o)
                0x0000000008002878                _malloc_usable_size_r
 *(.glue_7)
 .glue_7        0x0000000008002888        0x0 linker stubs
 *(.glue_7t)
 .glue_7t       0x0000000008002888        0x0 linker stubs
 *(.eh_frame)
 .eh_frame      0x0000000008002888        0x0 /opt/st/stm32cubeide_1.5.1/plugins/com.st.stm32cube.ide.mcu.externaltools.gnu-tools-for-stm32.7-2018-q2-update.linux64_1.5.0.202011040924/tools/bin/../lib/gcc/arm-none-eabi/7.3.1/thumb/v7-m/crtbegin.o
 *(.init)
 .init          0x0000000008002888        0x4 /opt/st/stm32cubeide_1.5.1/plugins/com.st.stm32cube.ide.mcu.externaltools.gnu-tools-for-stm32.7-2018-q2-update.linux64_1.5.0.202011040924/tools/bin/../lib/gcc/arm-none-eabi/7.3.1/thumb/v7-m/crti.o
                0x0000000008002888                _init
 .init          0x000000000800288c        0x8 /opt/st/stm32cubeide_1.5.1/plugins/com.st.stm32cube.ide.mcu.externaltools.gnu-tools-for-stm32.7-2018-q2-update.linux64_1.5.0.202011040924/tools/bin/../lib/gcc/arm-none-eabi/7.3.1/thumb/v7-m/crtn.o
 *(.fini)
 .fini          0x0000000008002894        0x4 /opt/st/stm32cubeide_1.5.1/plugins/com.st.stm32cube.ide.mcu.externaltools.gnu-tools-for-stm32.7-2018-q2-update.linux64_1.5.0.202011040924/tools/bin/../lib/gcc/arm-none-eabi/7.3.1/thumb/v7-m/crti.o
                0x0000000008002894                _fini
 .fini          0x0000000008002898        0x8 /opt/st/stm32cubeide_1.5.1/plugins/com.st.stm32cube.ide.mcu.externaltools.gnu-tools-for-stm32.7-2018-q2-update.linux64_1.5.0.202011040924/tools/bin/../lib/gcc/arm-none-eabi/7.3.1/thumb/v7-m/crtn.o
                0x00000000080028a0                . = ALIGN (0x4)
                0x00000000080028a0                _etext = .

.vfp11_veneer   0x00000000080028a0        0x0
 .vfp11_veneer  0x00000000080028a0        0x0 linker stubs

.v4_bx          0x00000000080028a0        0x0
 .v4_bx         0x00000000080028a0        0x0 linker stubs

.iplt           0x00000000080028a0        0x0
 .iplt          0x00000000080028a0        0x0 /opt/st/stm32cubeide_1.5.1/plugins/com.st.stm32cube.ide.mcu.externaltools.gnu-tools-for-stm32.7-2018-q2-update.linux64_1.5.0.202011040924/tools/bin/../lib/gcc/arm-none-eabi/7.3.1/thumb/v7-m/crtbegin.o

.rodata         0x00000000080028a0      0x1e4
                0x00000000080028a0                . = ALIGN (0x4)
 *(.rodata)
 .rodata        0x00000000080028a0       0x10 Drivers/STM32F1xx_HAL_Driver/Src/stm32f1xx_hal_rcc.o
 *(.rodata*)
 .rodata.main.str1.1
                0x00000000080028b0      0x174 Core/Src/main.o
                                        0x177 (size before relaxing)
 .rodata.child_payload_size
                0x0000000008002a24        0x6 Core/Src/nrf24l01.o
 .rodata.child_pipe
                0x0000000008002a2a        0x6 Core/Src/nrf24l01.o
 .rodata.child_pipe_enable
                0x0000000008002a30        0x6 Core/Src/nrf24l01.o
 .rodata.AHBPrescTable
                0x0000000008002a36       0x10 Core/Src/system_stm32f1xx.o
                0x0000000008002a36                AHBPrescTable
 .rodata.APBPrescTable
                0x0000000008002a46        0x8 Core/Src/system_stm32f1xx.o
                0x0000000008002a46                APBPrescTable
 .rodata._svfprintf_r.str1.1
                0x0000000008002a4e       0x11 /opt/st/stm32cubeide_1.5.1/plugins/com.st.stm32cube.ide.mcu.externaltools.gnu-tools-for-stm32.7-2018-q2-update.linux64_1.5.0.202011040924/tools/bin/../lib/gcc/arm-none-eabi/7.3.1/../../../../arm-none-eabi/lib/thumb/v7-m/libc_nano.a(lib_a-nano-svfprintf.o)
 .rodata._printf_i.str1.1
                0x0000000008002a5f       0x22 /opt/st/stm32cubeide_1.5.1/plugins/com.st.stm32cube.ide.mcu.externaltools.gnu-tools-for-stm32.7-2018-q2-update.linux64_1.5.0.202011040924/tools/bin/../lib/gcc/arm-none-eabi/7.3.1/../../../../arm-none-eabi/lib/thumb/v7-m/libc_nano.a(lib_a-nano-vfprintf_i.o)
                0x0000000008002a84                . = ALIGN (0x4)
 *fill*         0x0000000008002a81        0x3 

.rel.dyn        0x0000000008002a84        0x0
 .rel.iplt      0x0000000008002a84        0x0 /opt/st/stm32cubeide_1.5.1/plugins/com.st.stm32cube.ide.mcu.externaltools.gnu-tools-for-stm32.7-2018-q2-update.linux64_1.5.0.202011040924/tools/bin/../lib/gcc/arm-none-eabi/7.3.1/thumb/v7-m/crtbegin.o

.ARM.extab      0x0000000008002a84        0x0
                0x0000000008002a84                . = ALIGN (0x4)
 *(.ARM.extab* .gnu.linkonce.armextab.*)
                0x0000000008002a84                . = ALIGN (0x4)

.ARM            0x0000000008002a84        0x0
                0x0000000008002a84                . = ALIGN (0x4)
                0x0000000008002a84                __exidx_start = .
 *(.ARM.exidx*)
                0x0000000008002a84                __exidx_end = .
                0x0000000008002a84                . = ALIGN (0x4)

.preinit_array  0x0000000008002a84        0x0
                0x0000000008002a84                . = ALIGN (0x4)
                0x0000000008002a84                PROVIDE (__preinit_array_start = .)
 *(.preinit_array*)
                0x0000000008002a84                PROVIDE (__preinit_array_end = .)
                0x0000000008002a84                . = ALIGN (0x4)

.init_array     0x0000000008002a84        0x4
                0x0000000008002a84                . = ALIGN (0x4)
                0x0000000008002a84                PROVIDE (__init_array_start = .)
 *(SORT_BY_NAME(.init_array.*))
 *(.init_array*)
 .init_array    0x0000000008002a84        0x4 /opt/st/stm32cubeide_1.5.1/plugins/com.st.stm32cube.ide.mcu.externaltools.gnu-tools-for-stm32.7-2018-q2-update.linux64_1.5.0.202011040924/tools/bin/../lib/gcc/arm-none-eabi/7.3.1/thumb/v7-m/crtbegin.o
                0x0000000008002a88                PROVIDE (__init_array_end = .)
                0x0000000008002a88                . = ALIGN (0x4)

.fini_array     0x0000000008002a88        0x4
                0x0000000008002a88                . = ALIGN (0x4)
                [!provide]                        PROVIDE (__fini_array_start = .)
 *(SORT_BY_NAME(.fini_array.*))
 *(.fini_array*)
 .fini_array    0x0000000008002a88        0x4 /opt/st/stm32cubeide_1.5.1/plugins/com.st.stm32cube.ide.mcu.externaltools.gnu-tools-for-stm32.7-2018-q2-update.linux64_1.5.0.202011040924/tools/bin/../lib/gcc/arm-none-eabi/7.3.1/thumb/v7-m/crtbegin.o
                [!provide]                        PROVIDE (__fini_array_end = .)
                0x0000000008002a8c                . = ALIGN (0x4)
                0x0000000008002a8c                _sidata = LOADADDR (.data)

.data           0x0000000020000000       0x70 load address 0x0000000008002a8c
                0x0000000020000000                . = ALIGN (0x4)
                0x0000000020000000                _sdata = .
 *(.data)
 *(.data*)
 .data.SystemCoreClock
                0x0000000020000000        0x4 Core/Src/system_stm32f1xx.o
                0x0000000020000000                SystemCoreClock
 .data.uwTickFreq
                0x0000000020000004        0x1 Drivers/STM32F1xx_HAL_Driver/Src/stm32f1xx_hal.o
                0x0000000020000004                uwTickFreq
 *fill*         0x0000000020000005        0x3 
 .data.uwTickPrio
                0x0000000020000008        0x4 Drivers/STM32F1xx_HAL_Driver/Src/stm32f1xx_hal.o
                0x0000000020000008                uwTickPrio
 .data._impure_ptr
                0x000000002000000c        0x4 /opt/st/stm32cubeide_1.5.1/plugins/com.st.stm32cube.ide.mcu.externaltools.gnu-tools-for-stm32.7-2018-q2-update.linux64_1.5.0.202011040924/tools/bin/../lib/gcc/arm-none-eabi/7.3.1/../../../../arm-none-eabi/lib/thumb/v7-m/libc_nano.a(lib_a-impure.o)
                0x000000002000000c                _impure_ptr
 .data.impure_data
                0x0000000020000010       0x60 /opt/st/stm32cubeide_1.5.1/plugins/com.st.stm32cube.ide.mcu.externaltools.gnu-tools-for-stm32.7-2018-q2-update.linux64_1.5.0.202011040924/tools/bin/../lib/gcc/arm-none-eabi/7.3.1/../../../../arm-none-eabi/lib/thumb/v7-m/libc_nano.a(lib_a-impure.o)
 *(.RamFunc)
 *(.RamFunc*)
                0x0000000020000070                . = ALIGN (0x4)
                0x0000000020000070                _edata = .

.igot.plt       0x0000000020000070        0x0 load address 0x0000000008002afc
 .igot.plt      0x0000000020000070        0x0 /opt/st/stm32cubeide_1.5.1/plugins/com.st.stm32cube.ide.mcu.externaltools.gnu-tools-for-stm32.7-2018-q2-update.linux64_1.5.0.202011040924/tools/bin/../lib/gcc/arm-none-eabi/7.3.1/thumb/v7-m/crtbegin.o
                0x0000000020000070                . = ALIGN (0x4)

.bss            0x0000000020000070       0xd8 load address 0x0000000008002afc
                0x0000000020000070                _sbss = .
                0x0000000020000070                __bss_start__ = _sbss
 *(.bss)
 .bss           0x0000000020000070       0x1c /opt/st/stm32cubeide_1.5.1/plugins/com.st.stm32cube.ide.mcu.externaltools.gnu-tools-for-stm32.7-2018-q2-update.linux64_1.5.0.202011040924/tools/bin/../lib/gcc/arm-none-eabi/7.3.1/thumb/v7-m/crtbegin.o
 *(.bss*)
 .bss.remsg.7126
                0x000000002000008c        0x1 Core/Src/main.o
 .bss.addr_width
                0x000000002000008d        0x1 Core/Src/nrf24l01.o
                0x000000002000008d                addr_width
 .bss.payload_size
                0x000000002000008e        0x1 Core/Src/nrf24l01.o
                0x000000002000008e                payload_size
 .bss.pipe0_reading_address
                0x000000002000008f        0x5 Core/Src/nrf24l01.o
                0x000000002000008f                pipe0_reading_address
 .bss.txDelay   0x0000000020000094        0x1 Core/Src/nrf24l01.o
                0x0000000020000094                txDelay
 *fill*         0x0000000020000095        0x3 
 .bss.__sbrk_heap_end
                0x0000000020000098        0x4 Core/Src/sysmem.o
 .bss.__malloc_free_list
                0x000000002000009c        0x4 /opt/st/stm32cubeide_1.5.1/plugins/com.st.stm32cube.ide.mcu.externaltools.gnu-tools-for-stm32.7-2018-q2-update.linux64_1.5.0.202011040924/tools/bin/../lib/gcc/arm-none-eabi/7.3.1/../../../../arm-none-eabi/lib/thumb/v7-m/libc_nano.a(lib_a-nano-mallocr.o)
                0x000000002000009c                __malloc_free_list
 .bss.__malloc_sbrk_start
                0x00000000200000a0        0x4 /opt/st/stm32cubeide_1.5.1/plugins/com.st.stm32cube.ide.mcu.externaltools.gnu-tools-for-stm32.7-2018-q2-update.linux64_1.5.0.202011040924/tools/bin/../lib/gcc/arm-none-eabi/7.3.1/../../../../arm-none-eabi/lib/thumb/v7-m/libc_nano.a(lib_a-nano-mallocr.o)
                0x00000000200000a0                __malloc_sbrk_start
 *(COMMON)
 COMMON         0x00000000200000a4       0x98 Core/Src/main.o
                0x00000000200000a4                huart1
                0x00000000200000e4                hspi1
 COMMON         0x000000002000013c        0x2 Core/Src/nrf24l01.o
                0x000000002000013c                dynamic_payloads_enabled
                0x000000002000013d                p_variant
 *fill*         0x000000002000013e        0x2 
 COMMON         0x0000000020000140        0x4 Drivers/STM32F1xx_HAL_Driver/Src/stm32f1xx_hal.o
                0x0000000020000140                uwTick
 COMMON         0x0000000020000144        0x4 /opt/st/stm32cubeide_1.5.1/plugins/com.st.stm32cube.ide.mcu.externaltools.gnu-tools-for-stm32.7-2018-q2-update.linux64_1.5.0.202011040924/tools/bin/../lib/gcc/arm-none-eabi/7.3.1/../../../../arm-none-eabi/lib/thumb/v7-m/libc_nano.a(lib_a-reent.o)
                0x0000000020000144                errno
                0x0000000020000148                . = ALIGN (0x4)
                0x0000000020000148                _ebss = .
                0x0000000020000148                __bss_end__ = _ebss

._user_heap_stack
                0x0000000020000148      0x600 load address 0x0000000008002afc
                0x0000000020000148                . = ALIGN (0x8)
                [!provide]                        PROVIDE (end = .)
                0x0000000020000148                PROVIDE (_end = .)
                0x0000000020000348                . = (. + _Min_Heap_Size)
 *fill*         0x0000000020000148      0x200 
                0x0000000020000748                . = (. + _Min_Stack_Size)
 *fill*         0x0000000020000348      0x400 
                0x0000000020000748                . = ALIGN (0x8)

/DISCARD/
 libc.a(*)
 libm.a(*)
 libgcc.a(*)

.ARM.attributes
                0x0000000000000000       0x29
 *(.ARM.attributes)
 .ARM.attributes
                0x0000000000000000       0x1d /opt/st/stm32cubeide_1.5.1/plugins/com.st.stm32cube.ide.mcu.externaltools.gnu-tools-for-stm32.7-2018-q2-update.linux64_1.5.0.202011040924/tools/bin/../lib/gcc/arm-none-eabi/7.3.1/thumb/v7-m/crti.o
 .ARM.attributes
                0x000000000000001d       0x2d /opt/st/stm32cubeide_1.5.1/plugins/com.st.stm32cube.ide.mcu.externaltools.gnu-tools-for-stm32.7-2018-q2-update.linux64_1.5.0.202011040924/tools/bin/../lib/gcc/arm-none-eabi/7.3.1/thumb/v7-m/crtbegin.o
 .ARM.attributes
                0x000000000000004a       0x33 Core/Src/main.o
 .ARM.attributes
                0x000000000000007d       0x33 Core/Src/nrf24l01.o
 .ARM.attributes
                0x00000000000000b0       0x33 Core/Src/stm32f1xx_hal_msp.o
 .ARM.attributes
                0x00000000000000e3       0x33 Core/Src/stm32f1xx_it.o
 .ARM.attributes
                0x0000000000000116       0x33 Core/Src/sysmem.o
 .ARM.attributes
                0x0000000000000149       0x33 Core/Src/system_stm32f1xx.o
 .ARM.attributes
                0x000000000000017c       0x21 Core/Startup/startup_stm32f103rctx.o
 .ARM.attributes
                0x000000000000019d       0x33 Drivers/STM32F1xx_HAL_Driver/Src/stm32f1xx_hal.o
 .ARM.attributes
                0x00000000000001d0       0x33 Drivers/STM32F1xx_HAL_Driver/Src/stm32f1xx_hal_cortex.o
 .ARM.attributes
                0x0000000000000203       0x33 Drivers/STM32F1xx_HAL_Driver/Src/stm32f1xx_hal_gpio.o
 .ARM.attributes
                0x0000000000000236       0x33 Drivers/STM32F1xx_HAL_Driver/Src/stm32f1xx_hal_rcc.o
 .ARM.attributes
                0x0000000000000269       0x33 Drivers/STM32F1xx_HAL_Driver/Src/stm32f1xx_hal_spi.o
 .ARM.attributes
                0x000000000000029c       0x33 Drivers/STM32F1xx_HAL_Driver/Src/stm32f1xx_hal_uart.o
 .ARM.attributes
                0x00000000000002cf       0x2d /opt/st/stm32cubeide_1.5.1/plugins/com.st.stm32cube.ide.mcu.externaltools.gnu-tools-for-stm32.7-2018-q2-update.linux64_1.5.0.202011040924/tools/bin/../lib/gcc/arm-none-eabi/7.3.1/../../../../arm-none-eabi/lib/thumb/v7-m/libc_nano.a(lib_a-errno.o)
 .ARM.attributes
                0x00000000000002fc       0x2d /opt/st/stm32cubeide_1.5.1/plugins/com.st.stm32cube.ide.mcu.externaltools.gnu-tools-for-stm32.7-2018-q2-update.linux64_1.5.0.202011040924/tools/bin/../lib/gcc/arm-none-eabi/7.3.1/../../../../arm-none-eabi/lib/thumb/v7-m/libc_nano.a(lib_a-impure.o)
 .ARM.attributes
                0x0000000000000329       0x2d /opt/st/stm32cubeide_1.5.1/plugins/com.st.stm32cube.ide.mcu.externaltools.gnu-tools-for-stm32.7-2018-q2-update.linux64_1.5.0.202011040924/tools/bin/../lib/gcc/arm-none-eabi/7.3.1/../../../../arm-none-eabi/lib/thumb/v7-m/libc_nano.a(lib_a-init.o)
 .ARM.attributes
                0x0000000000000356       0x2d /opt/st/stm32cubeide_1.5.1/plugins/com.st.stm32cube.ide.mcu.externaltools.gnu-tools-for-stm32.7-2018-q2-update.linux64_1.5.0.202011040924/tools/bin/../lib/gcc/arm-none-eabi/7.3.1/../../../../arm-none-eabi/lib/thumb/v7-m/libc_nano.a(lib_a-memcpy-stub.o)
 .ARM.attributes
                0x0000000000000383       0x2d /opt/st/stm32cubeide_1.5.1/plugins/com.st.stm32cube.ide.mcu.externaltools.gnu-tools-for-stm32.7-2018-q2-update.linux64_1.5.0.202011040924/tools/bin/../lib/gcc/arm-none-eabi/7.3.1/../../../../arm-none-eabi/lib/thumb/v7-m/libc_nano.a(lib_a-memset.o)
 .ARM.attributes
                0x00000000000003b0       0x2d /opt/st/stm32cubeide_1.5.1/plugins/com.st.stm32cube.ide.mcu.externaltools.gnu-tools-for-stm32.7-2018-q2-update.linux64_1.5.0.202011040924/tools/bin/../lib/gcc/arm-none-eabi/7.3.1/../../../../arm-none-eabi/lib/thumb/v7-m/libc_nano.a(lib_a-snprintf.o)
 .ARM.attributes
                0x00000000000003dd       0x17 /opt/st/stm32cubeide_1.5.1/plugins/com.st.stm32cube.ide.mcu.externaltools.gnu-tools-for-stm32.7-2018-q2-update.linux64_1.5.0.202011040924/tools/bin/../lib/gcc/arm-none-eabi/7.3.1/../../../../arm-none-eabi/lib/thumb/v7-m/libc_nano.a(lib_a-strlen.o)
 .ARM.attributes
                0x00000000000003f4       0x2d /opt/st/stm32cubeide_1.5.1/plugins/com.st.stm32cube.ide.mcu.externaltools.gnu-tools-for-stm32.7-2018-q2-update.linux64_1.5.0.202011040924/tools/bin/../lib/gcc/arm-none-eabi/7.3.1/../../../../arm-none-eabi/lib/thumb/v7-m/libc_nano.a(lib_a-nano-svfprintf.o)
 .ARM.attributes
                0x0000000000000421       0x2d /opt/st/stm32cubeide_1.5.1/plugins/com.st.stm32cube.ide.mcu.externaltools.gnu-tools-for-stm32.7-2018-q2-update.linux64_1.5.0.202011040924/tools/bin/../lib/gcc/arm-none-eabi/7.3.1/../../../../arm-none-eabi/lib/thumb/v7-m/libc_nano.a(lib_a-nano-vfprintf_i.o)
 .ARM.attributes
                0x000000000000044e       0x2d /opt/st/stm32cubeide_1.5.1/plugins/com.st.stm32cube.ide.mcu.externaltools.gnu-tools-for-stm32.7-2018-q2-update.linux64_1.5.0.202011040924/tools/bin/../lib/gcc/arm-none-eabi/7.3.1/../../../../arm-none-eabi/lib/thumb/v7-m/libc_nano.a(lib_a-memchr-stub.o)
 .ARM.attributes
                0x000000000000047b       0x2d /opt/st/stm32cubeide_1.5.1/plugins/com.st.stm32cube.ide.mcu.externaltools.gnu-tools-for-stm32.7-2018-q2-update.linux64_1.5.0.202011040924/tools/bin/../lib/gcc/arm-none-eabi/7.3.1/../../../../arm-none-eabi/lib/thumb/v7-m/libc_nano.a(lib_a-memmove.o)
 .ARM.attributes
                0x00000000000004a8       0x2d /opt/st/stm32cubeide_1.5.1/plugins/com.st.stm32cube.ide.mcu.externaltools.gnu-tools-for-stm32.7-2018-q2-update.linux64_1.5.0.202011040924/tools/bin/../lib/gcc/arm-none-eabi/7.3.1/../../../../arm-none-eabi/lib/thumb/v7-m/libc_nano.a(lib_a-nano-freer.o)
 .ARM.attributes
                0x00000000000004d5       0x2d /opt/st/stm32cubeide_1.5.1/plugins/com.st.stm32cube.ide.mcu.externaltools.gnu-tools-for-stm32.7-2018-q2-update.linux64_1.5.0.202011040924/tools/bin/../lib/gcc/arm-none-eabi/7.3.1/../../../../arm-none-eabi/lib/thumb/v7-m/libc_nano.a(lib_a-nano-mallocr.o)
 .ARM.attributes
                0x0000000000000502       0x2d /opt/st/stm32cubeide_1.5.1/plugins/com.st.stm32cube.ide.mcu.externaltools.gnu-tools-for-stm32.7-2018-q2-update.linux64_1.5.0.202011040924/tools/bin/../lib/gcc/arm-none-eabi/7.3.1/../../../../arm-none-eabi/lib/thumb/v7-m/libc_nano.a(lib_a-nano-reallocr.o)
 .ARM.attributes
                0x000000000000052f       0x2d /opt/st/stm32cubeide_1.5.1/plugins/com.st.stm32cube.ide.mcu.externaltools.gnu-tools-for-stm32.7-2018-q2-update.linux64_1.5.0.202011040924/tools/bin/../lib/gcc/arm-none-eabi/7.3.1/../../../../arm-none-eabi/lib/thumb/v7-m/libc_nano.a(lib_a-sbrkr.o)
 .ARM.attributes
                0x000000000000055c       0x2d /opt/st/stm32cubeide_1.5.1/plugins/com.st.stm32cube.ide.mcu.externaltools.gnu-tools-for-stm32.7-2018-q2-update.linux64_1.5.0.202011040924/tools/bin/../lib/gcc/arm-none-eabi/7.3.1/../../../../arm-none-eabi/lib/thumb/v7-m/libc_nano.a(lib_a-mlock.o)
 .ARM.attributes
                0x0000000000000589       0x2d /opt/st/stm32cubeide_1.5.1/plugins/com.st.stm32cube.ide.mcu.externaltools.gnu-tools-for-stm32.7-2018-q2-update.linux64_1.5.0.202011040924/tools/bin/../lib/gcc/arm-none-eabi/7.3.1/../../../../arm-none-eabi/lib/thumb/v7-m/libc_nano.a(lib_a-nano-msizer.o)
 .ARM.attributes
                0x00000000000005b6       0x2d /opt/st/stm32cubeide_1.5.1/plugins/com.st.stm32cube.ide.mcu.externaltools.gnu-tools-for-stm32.7-2018-q2-update.linux64_1.5.0.202011040924/tools/bin/../lib/gcc/arm-none-eabi/7.3.1/../../../../arm-none-eabi/lib/thumb/v7-m/libc_nano.a(lib_a-reent.o)
 .ARM.attributes
                0x00000000000005e3       0x1d /opt/st/stm32cubeide_1.5.1/plugins/com.st.stm32cube.ide.mcu.externaltools.gnu-tools-for-stm32.7-2018-q2-update.linux64_1.5.0.202011040924/tools/bin/../lib/gcc/arm-none-eabi/7.3.1/thumb/v7-m/crtn.o
OUTPUT(smart_home.elf elf32-littlearm)

.comment        0x0000000000000000       0x7b
 .comment       0x0000000000000000       0x7b Core/Src/main.o
                                         0x7c (size before relaxing)
 .comment       0x000000000000007b       0x7c Core/Src/nrf24l01.o
 .comment       0x000000000000007b       0x7c Core/Src/stm32f1xx_hal_msp.o
 .comment       0x000000000000007b       0x7c Core/Src/stm32f1xx_it.o
 .comment       0x000000000000007b       0x7c Core/Src/sysmem.o
 .comment       0x000000000000007b       0x7c Core/Src/system_stm32f1xx.o
 .comment       0x000000000000007b       0x7c Drivers/STM32F1xx_HAL_Driver/Src/stm32f1xx_hal.o
 .comment       0x000000000000007b       0x7c Drivers/STM32F1xx_HAL_Driver/Src/stm32f1xx_hal_cortex.o
 .comment       0x000000000000007b       0x7c Drivers/STM32F1xx_HAL_Driver/Src/stm32f1xx_hal_gpio.o
 .comment       0x000000000000007b       0x7c Drivers/STM32F1xx_HAL_Driver/Src/stm32f1xx_hal_rcc.o
 .comment       0x000000000000007b       0x7c Drivers/STM32F1xx_HAL_Driver/Src/stm32f1xx_hal_spi.o
 .comment       0x000000000000007b       0x7c Drivers/STM32F1xx_HAL_Driver/Src/stm32f1xx_hal_uart.o

.debug_frame    0x0000000000000000      0x3c8
 .debug_frame   0x0000000000000000       0x20 /opt/st/stm32cubeide_1.5.1/plugins/com.st.stm32cube.ide.mcu.externaltools.gnu-tools-for-stm32.7-2018-q2-update.linux64_1.5.0.202011040924/tools/bin/../lib/gcc/arm-none-eabi/7.3.1/../../../../arm-none-eabi/lib/thumb/v7-m/libc_nano.a(lib_a-errno.o)
 .debug_frame   0x0000000000000020       0x2c /opt/st/stm32cubeide_1.5.1/plugins/com.st.stm32cube.ide.mcu.externaltools.gnu-tools-for-stm32.7-2018-q2-update.linux64_1.5.0.202011040924/tools/bin/../lib/gcc/arm-none-eabi/7.3.1/../../../../arm-none-eabi/lib/thumb/v7-m/libc_nano.a(lib_a-init.o)
 .debug_frame   0x000000000000004c       0x28 /opt/st/stm32cubeide_1.5.1/plugins/com.st.stm32cube.ide.mcu.externaltools.gnu-tools-for-stm32.7-2018-q2-update.linux64_1.5.0.202011040924/tools/bin/../lib/gcc/arm-none-eabi/7.3.1/../../../../arm-none-eabi/lib/thumb/v7-m/libc_nano.a(lib_a-memcpy-stub.o)
 .debug_frame   0x0000000000000074       0x20 /opt/st/stm32cubeide_1.5.1/plugins/com.st.stm32cube.ide.mcu.externaltools.gnu-tools-for-stm32.7-2018-q2-update.linux64_1.5.0.202011040924/tools/bin/../lib/gcc/arm-none-eabi/7.3.1/../../../../arm-none-eabi/lib/thumb/v7-m/libc_nano.a(lib_a-memset.o)
 .debug_frame   0x0000000000000094       0x7c /opt/st/stm32cubeide_1.5.1/plugins/com.st.stm32cube.ide.mcu.externaltools.gnu-tools-for-stm32.7-2018-q2-update.linux64_1.5.0.202011040924/tools/bin/../lib/gcc/arm-none-eabi/7.3.1/../../../../arm-none-eabi/lib/thumb/v7-m/libc_nano.a(lib_a-snprintf.o)
 .debug_frame   0x0000000000000110       0x90 /opt/st/stm32cubeide_1.5.1/plugins/com.st.stm32cube.ide.mcu.externaltools.gnu-tools-for-stm32.7-2018-q2-update.linux64_1.5.0.202011040924/tools/bin/../lib/gcc/arm-none-eabi/7.3.1/../../../../arm-none-eabi/lib/thumb/v7-m/libc_nano.a(lib_a-nano-svfprintf.o)
 .debug_frame   0x00000000000001a0       0x60 /opt/st/stm32cubeide_1.5.1/plugins/com.st.stm32cube.ide.mcu.externaltools.gnu-tools-for-stm32.7-2018-q2-update.linux64_1.5.0.202011040924/tools/bin/../lib/gcc/arm-none-eabi/7.3.1/../../../../arm-none-eabi/lib/thumb/v7-m/libc_nano.a(lib_a-nano-vfprintf_i.o)
 .debug_frame   0x0000000000000200       0x28 /opt/st/stm32cubeide_1.5.1/plugins/com.st.stm32cube.ide.mcu.externaltools.gnu-tools-for-stm32.7-2018-q2-update.linux64_1.5.0.202011040924/tools/bin/../lib/gcc/arm-none-eabi/7.3.1/../../../../arm-none-eabi/lib/thumb/v7-m/libc_nano.a(lib_a-memchr-stub.o)
 .debug_frame   0x0000000000000228       0x28 /opt/st/stm32cubeide_1.5.1/plugins/com.st.stm32cube.ide.mcu.externaltools.gnu-tools-for-stm32.7-2018-q2-update.linux64_1.5.0.202011040924/tools/bin/../lib/gcc/arm-none-eabi/7.3.1/../../../../arm-none-eabi/lib/thumb/v7-m/libc_nano.a(lib_a-memmove.o)
 .debug_frame   0x0000000000000250       0x38 /opt/st/stm32cubeide_1.5.1/plugins/com.st.stm32cube.ide.mcu.externaltools.gnu-tools-for-stm32.7-2018-q2-update.linux64_1.5.0.202011040924/tools/bin/../lib/gcc/arm-none-eabi/7.3.1/../../../../arm-none-eabi/lib/thumb/v7-m/libc_nano.a(lib_a-nano-freer.o)
 .debug_frame   0x0000000000000288       0x2c /opt/st/stm32cubeide_1.5.1/plugins/com.st.stm32cube.ide.mcu.externaltools.gnu-tools-for-stm32.7-2018-q2-update.linux64_1.5.0.202011040924/tools/bin/../lib/gcc/arm-none-eabi/7.3.1/../../../../arm-none-eabi/lib/thumb/v7-m/libc_nano.a(lib_a-nano-mallocr.o)
 .debug_frame   0x00000000000002b4       0x3c /opt/st/stm32cubeide_1.5.1/plugins/com.st.stm32cube.ide.mcu.externaltools.gnu-tools-for-stm32.7-2018-q2-update.linux64_1.5.0.202011040924/tools/bin/../lib/gcc/arm-none-eabi/7.3.1/../../../../arm-none-eabi/lib/thumb/v7-m/libc_nano.a(lib_a-nano-reallocr.o)
 .debug_frame   0x00000000000002f0       0x2c /opt/st/stm32cubeide_1.5.1/plugins/com.st.stm32cube.ide.mcu.externaltools.gnu-tools-for-stm32.7-2018-q2-update.linux64_1.5.0.202011040924/tools/bin/../lib/gcc/arm-none-eabi/7.3.1/../../../../arm-none-eabi/lib/thumb/v7-m/libc_nano.a(lib_a-sbrkr.o)
 .debug_frame   0x000000000000031c       0x30 /opt/st/stm32cubeide_1.5.1/plugins/com.st.stm32cube.ide.mcu.externaltools.gnu-tools-for-stm32.7-2018-q2-update.linux64_1.5.0.202011040924/tools/bin/../lib/gcc/arm-none-eabi/7.3.1/../../../../arm-none-eabi/lib/thumb/v7-m/libc_nano.a(lib_a-mlock.o)
 .debug_frame   0x000000000000034c       0x20 /opt/st/stm32cubeide_1.5.1/plugins/com.st.stm32cube.ide.mcu.externaltools.gnu-tools-for-stm32.7-2018-q2-update.linux64_1.5.0.202011040924/tools/bin/../lib/gcc/arm-none-eabi/7.3.1/../../../../arm-none-eabi/lib/thumb/v7-m/libc_nano.a(lib_a-nano-msizer.o)
 .debug_frame   0x000000000000036c       0x5c /opt/st/stm32cubeide_1.5.1/plugins/com.st.stm32cube.ide.mcu.externaltools.gnu-tools-for-stm32.7-2018-q2-update.linux64_1.5.0.202011040924/tools/bin/../lib/gcc/arm-none-eabi/7.3.1/../../../../arm-none-eabi/lib/thumb/v7-m/libc_nano.a(lib_a-reent.o)
